Microchip Technology Inc, vv3_20 (B) >

Tool Name:
  d:\program files\microchip\mplab c30_v320\bin\bin\..\bin/pic30-coff-ld.exe

Command:
  -p33FJ256GP710 \
  -oSDR-Cube.cof \
  -Ld:/program files/microchip/mplab c30_v320/bin/bin/.. \
  -Ld:/program files/microchip/mplab c30_v320/bin/bin/../../lib \
  -Ld:/program files/microchip/mplab c30_v320/bin/bin/../../support/generic/gld \
  -Ld:/program files/microchip/mplab c30_v320/bin/bin/../../lib/PIC24F \
  -Ld:/program files/microchip/mplab c30_v320/bin/bin/../../support/PIC24F/gld \
  -Ld:/program files/microchip/mplab c30_v320/bin/bin/../../lib/PIC24H \
  -Ld:/program files/microchip/mplab c30_v320/bin/bin/../../support/PIC24H/gld \
  -Ld:/program files/microchip/mplab c30_v320/bin/bin/../../lib/dsPIC30F \
  -Ld:/program files/microchip/mplab c30_v320/bin/bin/../../support/dsPIC30F/gld \
  -Ld:/program files/microchip/mplab c30_v320/bin/bin/../../lib/dsPIC33F \
  -Ld:/program files/microchip/mplab c30_v320/bin/bin/../../support/dsPIC33F/gld \
  tmr5delay.o \
  uart1.o \
  SDR_Cube_I2C_2.o \
  SDR_Cube_Si570.o \
  filters.o \
  tlv320aic23b.o \
  SDR_Cube_I2C_1.o \
  SDR_Cube_EEPROM.o \
  SDR_Cube_DCI.o \
  calc_oh2nlt_filters.o \
  SDR_Cube_Display_UI.o \
  SDR_Cube_user_menu.o \
  uart2.o \
  SDR_Cube_Bandscope_FFT.o \
  SDR_Cube_IO.o \
  SDR_Cube_AD9851.o \
  SDR_Cube.o \
  SDR_Cube_debug_terminal.o \
  SDR_Cube_timers.o \
  SDR_Cube_LCD.o \
  SDR_Cube_adc12.o \
  codec_mag.o \
  -TSDRCube_AN1094_Flasher.gld.00 \
  --defsym=__MPLAB_BUILD=1 \
  --heap=500 \
  -Map=SDR-Cube.map \
  --report-mem \
  -start-group \
  --library=pic30-coff \
  --library=m-coff \
  --library=c-coff \
  -end-group \

Archive member included because of file (symbol)

d:/program files/microchip/mplab c30_v320/bin/bin/../../lib\libdsp-coff.a(initblck.o)
                              SDR_Cube_Bandscope_FFT.o (BlackmanInit)
d:/program files/microchip/mplab c30_v320/bin/bin/../../lib\libdsp-coff.a(inithann.o)
                              SDR_Cube_Bandscope_FFT.o (HanningInit)
d:/program files/microchip/mplab c30_v320/bin/bin/../../lib\libdsp-coff.a(inittwid.o)
                              SDR_Cube_Bandscope_FFT.o (TwidFactorInit)
d:/program files/microchip/mplab c30_v320/bin/bin/../../lib\libdsp-coff.a(vmul.obj)
                              SDR_Cube_Bandscope_FFT.o (VectorMultiply)
d:/program files/microchip/mplab c30_v320/bin/bin/../../lib\libdsp-coff.a(fft.obj)
                              SDR_Cube_Bandscope_FFT.o (FFTComplexIP)
d:/program files/microchip/mplab c30_v320/bin/bin/../../lib\libdsp-coff.a(bitrev.obj)
                              SDR_Cube_Bandscope_FFT.o (BitReverseComplex)
d:/program files/microchip/mplab c30_v320/bin/bin/../../lib\libdsp-coff.a(cplxsqrmag.obj)
                              SDR_Cube_Bandscope_FFT.o (SquareMagnitudeCplx)
d:/program files/microchip/mplab c30_v320/bin/bin/../../lib\libdsp-coff.a(vmax.obj)
                              SDR_Cube_Bandscope_FFT.o (VectorMax)
d:/program files/microchip/mplab c30_v320/bin/bin/../../lib\libdsp-coff.a(flt2frct.o)
                              d:/program files/microchip/mplab c30_v320/bin/bin/../../lib\libdsp-coff.a(initblck.o) (Float2Fract)
d:/program files/microchip/mplab c30_v320/bin/bin/../../lib\libpic30-coff.a(crt0_standard.o)
                              (_resetPRI)
d:/program files/microchip/mplab c30_v320/bin/bin/../../lib\libpic30-coff.a(data_init_standard.o)
                              d:/program files/microchip/mplab c30_v320/bin/bin/../../lib\libpic30-coff.a(crt0_standard.o) (_data_init_standard)
d:/program files/microchip/mplab c30_v320/bin/bin/../../lib\libm-coff.a(udivsi3.o)
                              uart1.o (__udivsi3)
d:/program files/microchip/mplab c30_v320/bin/bin/../../lib\libm-coff.a(truncdfsf.o)
                              SDR_Cube_Si570.o (__truncdfsf2)
d:/program files/microchip/mplab c30_v320/bin/bin/../../lib\libm-coff.a(mulsf3.o)
                              SDR_Cube_Si570.o (__mulsf3)
d:/program files/microchip/mplab c30_v320/bin/bin/../../lib\libm-coff.a(floatsisf.o)
                              SDR_Cube_Si570.o (__floatsisf)
d:/program files/microchip/mplab c30_v320/bin/bin/../../lib\libm-coff.a(divsf3.o)
                              SDR_Cube_Si570.o (__divsf3)
d:/program files/microchip/mplab c30_v320/bin/bin/../../lib\libm-coff.a(deqltle.o)
                              SDR_Cube_Si570.o (__eqdf2)
d:/program files/microchip/mplab c30_v320/bin/bin/../../lib\libm-coff.a(subdf3.o)
                              SDR_Cube_Si570.o (__subdf3)
d:/program files/microchip/mplab c30_v320/bin/bin/../../lib\libm-coff.a(divdf3.o)
                              SDR_Cube_Si570.o (__divdf3)
d:/program files/microchip/mplab c30_v320/bin/bin/../../lib\libm-coff.a(addsf3.o)
                              SDR_Cube_Si570.o (__subsf3)
[...]
Memory Configuration

Name             Origin             Length             Attributes
data             0x000800           0x007800           a !xr
reset            0x000000           0x000004  
ivt              0x000004           0x0000fc  
aivt             0x000104           0x0000fc  
program          0x000c00           0x029e00           xr
FBS              0xf80000           0x000002  
FSS              0xf80002           0x000002  
FGS              0xf80004           0x000002  
FOSCSEL          0xf80006           0x000002  
FOSC             0xf80008           0x000002  
FWDT             0xf8000a           0x000002  
FPOR             0xf8000c           0x000002  
FICD             0xf8000e           0x000002  
FUID0            0xf80010           0x000002  
FUID1            0xf80012           0x000002  
FUID2            0xf80014           0x000002  
FUID3            0xf80016           0x000002  
*default*        0x000000           0xffffffff  

Linker script and memory map

LOAD tmr5delay.o
LOAD uart1.o
LOAD SDR_Cube_I2C_2.o
LOAD SDR_Cube_Si570.o
LOAD filters.o
LOAD tlv320aic23b.o
LOAD SDR_Cube_I2C_1.o
LOAD SDR_Cube_EEPROM.o
LOAD SDR_Cube_DCI.o
LOAD calc_oh2nlt_filters.o
LOAD SDR_Cube_Display_UI.o
LOAD SDR_Cube_user_menu.o
LOAD uart2.o
LOAD SDR_Cube_Bandscope_FFT.o
LOAD SDR_Cube_IO.o
LOAD SDR_Cube_AD9851.o
LOAD SDR_Cube.o
LOAD SDR_Cube_debug_terminal.o
LOAD SDR_Cube_timers.o
LOAD SDR_Cube_LCD.o
LOAD SDR_Cube_adc12.o
LOAD codec_mag.o
LOAD d:/program files/microchip/mplab c30_v320/bin/bin/../../lib\libdsp-coff.a
LOAD d:/program files/microchip/mplab c30_v320/bin/bin/../../lib\libpic30-coff.a
LOAD d:/program files/microchip/mplab c30_v320/bin/bin/../../lib\libm-coff.a
LOAD d:/program files/microchip/mplab c30_v320/bin/bin/../../lib\libc-coff.a
LOAD d:/program files/microchip/mplab c30_v320/bin/bin/../../lib/dsPIC33F\libp33FJ256GP710-coff.a
                    0xf80000                  __FBS = 0xf80000
                    0xf80002                  __FSS = 0xf80002
                    0xf80004                  __FGS = 0xf80004
                    0xf80006                  __FOSCSEL = 0xf80006
                    0xf80008                  __FOSC = 0xf80008
                    0xf8000a                  __FWDT = 0xf8000a
                    0xf8000c                  __FPOR = 0xf8000c
                    0xf8000e                  __FICD = 0xf8000e
                    0xf80010                  __FUID0 = 0xf80010
                    0xf80012                  __FUID1 = 0xf80012
                    0xf80014                  __FUID2 = 0xf80014
                    0xf80016                  __FUID3 = 0xf80016
                    0x0004                  __IVT_BASE = 0x4
                    0x0104                  __AIVT_BASE = 0x104
                    0x0800                  __DATA_BASE = 0x800
                    0x4800                  __YDATA_BASE = 0x4800
                    0x7800                  __DMA_BASE = 0x7800
                    0x7fff                  __DMA_END = 0x7fff
                    0x0c00                  __CODE_BASE = 0xc00

.reset            0x000000          0x4
                  0x000000          0x2 SHORT 0xc02 <code 339> (__reset)
                  0x000001          0x2 SHORT 0x4
                  0x000002          0x2 SHORT 0x0 ((<code 339> (__reset) >> 0x10) & 0x7f)
                  0x000003          0x2 SHORT 0x0

.text             0x000c00       0x2a94
                  0x000c00          0x2 SHORT 0xa
 *(.init)
 *fill*           0x000c01          0x200
 .init            0x000c02         0x32 d:/program files/microchip/mplab c30_v320/bin/bin/../../lib\libpic30-coff.a(crt0_standard.o)
                  0x000c02                  _resetPRI
                  0x000c02                  _reset
                  0x000c24                  _psv_init
 .init            0x000c34         0x5e d:/program files/microchip/mplab c30_v320/bin/bin/../../lib\libpic30-coff.a(data_init_standard.o)
                  0x000c34                  _data_init_standard
                  0x000c34                  _data_init
 *(.user_init)
 *(.handle)
 .handle          0x000c92         0x10 jump_table
 *(.libc)
 .libc            0x000ca2         0x2a d:/program files/microchip/mplab c30_v320/bin/bin/../../lib\libc-coff.a(printf.o)
                  0x000ca2                  printf.o:_prout
                  0x000cbc                  printf
 .libc            0x000ccc         0x2e d:/program files/microchip/mplab c30_v320/bin/bin/../../lib\libc-coff.a(sprintf.o)
                  0x000ccc                  sprintf.o:_prout
                  0x000cd8                  _isprintf
                  0x000cd8                  sprintf
 .libc            0x000cfa         0xaa d:/program files/microchip/mplab c30_v320/bin/bin/../../lib\libc-coff.a(fwrite.o)
                  0x000cfa                  fwrite
 .libc            0x000da4        0x172 d:/program files/microchip/mplab c30_v320/bin/bin/../../lib\libc-coff.a(xprintf.o)
                  0x000da4                  _Printf
                  0x000da4                  __iPrintf
 .libc            0x000f16          0xe d:/program files/microchip/mplab c30_v320/bin/bin/../../lib\libc-coff.a(memcpy.o)
                  0x000f16                  memcpy
 .libc            0x000f24         0x86 d:/program files/microchip/mplab c30_v320/bin/bin/../../lib\libc-coff.a(xfwprep.o)
                  0x000f24                  _Fwprep
 .libc            0x000faa         0x14 d:/program files/microchip/mplab c30_v320/bin/bin/../../lib\libc-coff.a(memchr.o)
                  0x000faa                  memchr
 .libc            0x000fbe         0x7a d:/program files/microchip/mplab c30_v320/bin/bin/../../lib\libc-coff.a(fflush.o)
                  0x000fbe                  _DNKfflush
 .libc            0x001038          0xa d:/program files/microchip/mplab c30_v320/bin/bin/../../lib\libc-coff.a(xvacopy.o)
                  0x001038                  _Vacopy
 .libc            0x001042         0x12 d:/program files/microchip/mplab c30_v320/bin/bin/../../lib\libc-coff.a(strchr.o)
                  0x001042                  strchr
 .libc            0x001054        0x2fa d:/program files/microchip/mplab c30_v320/bin/bin/../../lib\libc-coff.a(xputfld.o)
                  0x001054                  __iPutfld
                  0x001054                  _Putfld
 .libc            0x00134e        0x194 d:/program files/microchip/mplab c30_v320/bin/bin/../../lib\libc-coff.a(xputtxt.o)
                  0x00134e                  _Puttxt
 .libc            0x0014e2         0xa4 d:/program files/microchip/mplab c30_v320/bin/bin/../../lib\libc-coff.a(malloc.o)
                  0x0014e2                  malloc
 .libc            0x001586         0xb0 d:/program files/microchip/mplab c30_v320/bin/bin/../../lib\libc-coff.a(fclose.o)
                  0x001586                  _Closreg
                  0x00159a                  fclose
                  0x00161e                  fclose.o:_closeall
 .libc            0x001636        0x452 d:/program files/microchip/mplab c30_v320/bin/bin/../../lib\libc-coff.a(xldtob.o)
                  0x001636                  _Ldtob
 .libc            0x001a88        0x31a d:/program files/microchip/mplab c30_v320/bin/bin/../../lib\libc-coff.a(xlitob.o)
                  0x001a88                  _Litob
 .libc            0x001da2          0xe d:/program files/microchip/mplab c30_v320/bin/bin/../../lib\libc-coff.a(strlen.o)
                  0x001da2                  strlen
 .libc            0x001db0          0xe d:/program files/microchip/mplab c30_v320/bin/bin/../../lib\libc-coff.a(xgetmem.o)
                  0x001db0                  _Getmem
 .libc            0x001dbe         0x68 d:/program files/microchip/mplab c30_v320/bin/bin/../../lib\libc-coff.a(free.o)
                  0x001dbe                  free
 .libc            0x001e26         0x1a d:/program files/microchip/mplab c30_v320/bin/bin/../../lib\libc-coff.a(xatexit.o)
                  0x001e26                  _Atexit
 .libc            0x001e40         0x58 d:/program files/microchip/mplab c30_v320/bin/bin/../../lib\libc-coff.a(xldunsca.o)
                  0x001e40                  _LDunscale
 .libc            0x001e98         0xf2 d:/program files/microchip/mplab c30_v320/bin/bin/../../lib\libc-coff.a(xldscale.o)
                  0x001e98                  _LDscale
 .libc            0x001f8a         0x3a d:/program files/microchip/mplab c30_v320/bin/bin/../../lib\libc-coff.a(ldiv.o)
                  0x001f8a                  ldiv
 .libc            0x001fc4        0x268 d:/program files/microchip/mplab c30_v320/bin/bin/../../lib\libc-coff.a(xgenld.o)
                  0x001fc4                  _Genld
 .libc            0x00222c         0x98 d:/program files/microchip/mplab c30_v320/bin/bin/../../lib\libc-coff.a(xdnorm.o)
                  0x00222c                  _Dnorm
 .libc            0x0022c4         0x16 d:/program files/microchip/mplab c30_v320/bin/bin/../../lib\libc-coff.a(div.o)
                  0x0022c4                  div
 .libc            0x0022da         0x68 d:/program files/microchip/mplab c30_v320/bin/bin/../../lib\libpic30-coff.a(write.o)
                  0x0022da                  write
 .libc            0x002342         0x12 d:/program files/microchip/mplab c30_v320/bin/bin/../../lib\libpic30-coff.a(close.o)
                  0x002342                  close
 .libc            0x002354         0x12 d:/program files/microchip/mplab c30_v320/bin/bin/../../lib\libpic30-coff.a(remove.o)
                  0x002354                  remove
 .libc            0x002366         0x2c d:/program files/microchip/mplab c30_v320/bin/bin/../../lib\libpic30-coff.a(sbrk.o)
                  0x002366                  sbrk
 .libc            0x002392         0x1e d:/program files/microchip/mplab c30_v320/bin/bin/../../lib\libpic30-coff.a(brk.o)
                  0x002392                  brk
 .libc            0x0023b0          0xc d:/program files/microchip/mplab c30_v320/bin/bin/../../lib\libm-coff.a(mulsi3.o)
                  0x0023b0                  __mulp32peds3
                  0x0023b0                  __mulsi3
                  0x0023b0                  __mulp32eds3
 *(.libm)
 .libm            0x0023bc         0x20 d:/program files/microchip/mplab c30_v320/bin/bin/../../lib\libm-coff.a(udivsi3.o)
                  0x0023bc                  __udivsi3
 .libm            0x0023dc         0x56 d:/program files/microchip/mplab c30_v320/bin/bin/../../lib\libm-coff.a(truncdfsf.o)
                  0x0023dc                  __truncdfsf2
 .libm            0x002432         0x68 d:/program files/microchip/mplab c30_v320/bin/bin/../../lib\libm-coff.a(mulsf3.o)
                  0x002432                  __mulsf3
 .libm            0x00249a         0x56 d:/program files/microchip/mplab c30_v320/bin/bin/../../lib\libm-coff.a(floatsisf.o)
                  0x00249a                  __floatsisf
 .libm            0x0024f0         0x84 d:/program files/microchip/mplab c30_v320/bin/bin/../../lib\libm-coff.a(divsf3.o)
                  0x0024f0                  __divsf3
 .libm            0x002574          0xa d:/program files/microchip/mplab c30_v320/bin/bin/../../lib\libm-coff.a(deqltle.o)
                  0x002574                  __eqdf2
                  0x002574                  __ltdf2
                  0x002574                  __ledf2
 .libm            0x00257e          0x4 d:/program files/microchip/mplab c30_v320/bin/bin/../../lib\libm-coff.a(subdf3.o)
                  0x00257e                  __subdf3
 .libm            0x002582         0xb4 d:/program files/microchip/mplab c30_v320/bin/bin/../../lib\libm-coff.a(divdf3.o)
                  0x002582                  __divdf3
 .libm            0x002636         0xbc d:/program files/microchip/mplab c30_v320/bin/bin/../../lib\libm-coff.a(addsf3.o)
                  0x002636                  __subsf3
                  0x002638                  __addsf3
 .libm            0x0026f2         0x3e d:/program files/microchip/mplab c30_v320/bin/bin/../../lib\libm-coff.a(extendsfdf.o)
                  0x0026f2                  __extendsfdf2
 .libm            0x002730         0x10 d:/program files/microchip/mplab c30_v320/bin/bin/../../lib\libm-coff.a(floorf.o)
                  0x002730                  floorf
 .libm            0x002740         0x36 d:/program files/microchip/mplab c30_v320/bin/bin/../../lib\libm-coff.a(fixunssfsi.o)
                  0x002740                  __fixunssfsi
 .libm            0x002776         0x10 d:/program files/microchip/mplab c30_v320/bin/bin/../../lib\libm-coff.a(ceilf.o)
                  0x002776                  ceilf
 .libm            0x002786          0x4 d:/program files/microchip/mplab c30_v320/bin/bin/../../lib\libm-coff.a(feqltle.o)
                  0x002786                  __eqsf2
                  0x002786                  __ltsf2
                  0x002786                  __lesf2
 .libm            0x00278a          0x6 d:/program files/microchip/mplab c30_v320/bin/bin/../../lib\libm-coff.a(floatsidf.o)
                  0x00278a                  __floatsidf
 .libm            0x002790         0xea d:/program files/microchip/mplab c30_v320/bin/bin/../../lib\libm-coff.a(muldf3.o)
                  0x002790                  __muldf3
 .libm            0x00287a         0xfa d:/program files/microchip/mplab c30_v320/bin/bin/../../lib\libm-coff.a(adddf3.o)
                  0x00287a                  __adddf3
 .libm            0x002974          0x4 d:/program files/microchip/mplab c30_v320/bin/bin/../../lib\libm-coff.a(fgtge.o)
                  0x002974                  __gesf2
                  0x002974                  __gtsf2
 .libm            0x002978          0x4 d:/program files/microchip/mplab c30_v320/bin/bin/../../lib\libm-coff.a(sinf.o)
                  0x002978                  sinf
 .libm            0x00297c         0x42 d:/program files/microchip/mplab c30_v320/bin/bin/../../lib\libm-coff.a(fixsfsi.o)
                  0x00297c                  __fixsfsi
 .libm            0x0029be          0x4 d:/program files/microchip/mplab c30_v320/bin/bin/../../lib\libm-coff.a(cosf.o)
                  0x0029be                  cosf
 .libm            0x0029c2         0x1e d:/program files/microchip/mplab c30_v320/bin/bin/../../lib\libm-coff.a(divsi3.o)
                  0x0029c2                  __divsi3
 .libm            0x0029e0          0x8 d:/program files/microchip/mplab c30_v320/bin/bin/../../lib\libm-coff.a(log10f.o)
                  0x0029e0                  log10f
 .libm            0x0029e8          0x4 d:/program files/microchip/mplab c30_v320/bin/bin/../../lib\libm-coff.a(fne.o)
                  0x0029e8                  __nesf2
 .libm            0x0029ec         0x4e d:/program files/microchip/mplab c30_v320/bin/bin/../../lib\libm-coff.a(dunpack.o)
                  0x0029ec                  _dunpack
 .libm            0x002a3a         0x4c d:/program files/microchip/mplab c30_v320/bin/bin/../../lib\libm-coff.a(fpack.o)
                  0x002a3a                  _fpack
 .libm            0x002a86         0x32 d:/program files/microchip/mplab c30_v320/bin/bin/../../lib\libm-coff.a(dunpack2.o)
                  0x002a86                  _dunpack2
                  0x002aa8                  _dreturnNaN
                  0x002aae                  _dunpack2exit
 .libm            0x002ab8         0x10 d:/program files/microchip/mplab c30_v320/bin/bin/../../lib\libm-coff.a(funpack2.o)
                  0x002ab8                  _funpack2
 .libm            0x002ac8         0x20 d:/program files/microchip/mplab c30_v320/bin/bin/../../lib\libm-coff.a(futil.o)
                  0x002ac8                  _fPropagateNaN
                  0x002ada                  _fbopExit
                  0x002ae2                  _fbopReturnNaN
 .libm            0x002ae8         0x52 d:/program files/microchip/mplab c30_v320/bin/bin/../../lib\libm-coff.a(dcompare.o)
                  0x002ae8                  _dcompare
 .libm            0x002b3a         0x58 d:/program files/microchip/mplab c30_v320/bin/bin/../../lib\libm-coff.a(dpack.o)
                  0x002b3a                  _dpack
 .libm            0x002b92         0x2a d:/program files/microchip/mplab c30_v320/bin/bin/../../lib\libm-coff.a(funpack.o)
                  0x002b92                  _funpack
 .libm            0x002bbc         0x4e d:/program files/microchip/mplab c30_v320/bin/bin/../../lib\libm-coff.a(fchop.o)
                  0x002bbc                  _fchop
 .libm            0x002c0a         0x36 d:/program files/microchip/mplab c30_v320/bin/bin/../../lib\libm-coff.a(fcompare.o)
                  0x002c0a                  _fcompare
 .libm            0x002c40         0x6e d:/program files/microchip/mplab c30_v320/bin/bin/../../lib\libm-coff.a(floatdidf.o)
                  0x002c40                  __floatdidf
 .libm            0x002cae         0xd2 d:/program files/microchip/mplab c30_v320/bin/bin/../../lib\libm-coff.a(sincosf.o)
                  0x002cae                  _sincosf
 .libm            0x002d80         0xae d:/program files/microchip/mplab c30_v320/bin/bin/../../lib\libm-coff.a(logf.o)
                  0x002d80                  logf
 .libm            0x002e2e         0x1c d:/program files/microchip/mplab c30_v320/bin/bin/../../lib\libm-coff.a(dpropagateNaN.o)
                  0x002e2e                  _dPropagateNaN
 .libm            0x002e4a         0x24 d:/program files/microchip/mplab c30_v320/bin/bin/../../lib\libm-coff.a(dtype.o)
                  0x002e4a                  _dtype
 .libm            0x002e6e          0x4 d:/program files/microchip/mplab c30_v320/bin/bin/../../lib\libm-coff.a(fmodf.o)
                  0x002e6e                  fmodf
 .libm            0x002e72         0x1a d:/program files/microchip/mplab c30_v320/bin/bin/../../lib\libm-coff.a(_frexpf.o)
                  0x002e72                  _frexpf
 .libm            0x002e8c         0x9e d:/program files/microchip/mplab c30_v320/bin/bin/../../lib\libm-coff.a(fmodrem.o)
                  0x002e8c                  _fmodrem
 .libm            0x002f2a         0x58 d:/program files/microchip/mplab c30_v320/bin/bin/../../lib\libm-coff.a(fixdfsi.o)
                  0x002f2a                  __fixdfsi
 .libm            0x002f82          0xa d:/program files/microchip/mplab c30_v320/bin/bin/../../lib\libm-coff.a(dgtge.o)
                  0x002f82                  __gtdf2
                  0x002f82                  __gedf2
 .libm            0x002f8c          0x6 d:/program files/microchip/mplab c30_v320/bin/bin/../../lib\libm-coff.a(umodsi3.o)
                  0x002f8c                  __umodsi3
 .libm            0x002f92        0x216 d:/program files/microchip/mplab c30_v320/bin/bin/../../lib\libm-coff.a(divmoddi3.o)
                  0x002fb8                  __udivmoddi3
                  0x003086                  __udivdi3
                  0x003094                  __umoddi3
                  0x00309c                  __divdi3
                  0x0030d6                  __moddi3
 .libm            0x0031a8         0x5c d:/program files/microchip/mplab c30_v320/bin/bin/../../lib\libm-coff.a(muldi3.o)
                  0x0031a8                  __muldi3
 .libm            0x003204         0x44 d:/program files/microchip/mplab c30_v320/bin/bin/../../lib\libm-coff.a(umuldi3.o)
                  0x003204                  __umuldi3
 *(.libdsp)
 .libdsp          0x003248         0xc8 d:/program files/microchip/mplab c30_v320/bin/bin/../../lib\libdsp-coff.a(initblck.o)
                  0x003248                  BlackmanInit
 .libdsp          0x003310         0x72 d:/program files/microchip/mplab c30_v320/bin/bin/../../lib\libdsp-coff.a(inithann.o)
                  0x003310                  HanningInit
 .libdsp          0x003382         0xd4 d:/program files/microchip/mplab c30_v320/bin/bin/../../lib\libdsp-coff.a(inittwid.o)
                  0x003382                  TwidFactorInit
 .libdsp          0x003456         0x1c d:/program files/microchip/mplab c30_v320/bin/bin/../../lib\libdsp-coff.a(vmul.obj)
                  0x003456                  VectorMultiply
 .libdsp          0x003472         0x78 d:/program files/microchip/mplab c30_v320/bin/bin/../../lib\libdsp-coff.a(fft.obj)
                  0x003472                  FFTComplexIP
 .libdsp          0x0034ea         0x36 d:/program files/microchip/mplab c30_v320/bin/bin/../../lib\libdsp-coff.a(bitrev.obj)
                  0x0034ea                  BitReverseComplex
 .libdsp          0x003520         0x2e d:/program files/microchip/mplab c30_v320/bin/bin/../../lib\libdsp-coff.a(cplxsqrmag.obj)
                  0x003520                  SquareMagnitudeCplx
 .libdsp          0x00354e         0x1a d:/program files/microchip/mplab c30_v320/bin/bin/../../lib\libdsp-coff.a(vmax.obj)
                  0x00354e                  VectorMax
 .libdsp          0x003568        0x12c d:/program files/microchip/mplab c30_v320/bin/bin/../../lib\libdsp-coff.a(flt2frct.o)
                  0x003568                  Float2Fract
 *(.lib*)

usercode
 *(usercode)

__FBS             0xf80000          0x2
 *(__FBS.sec)
 __FBS.sec        0xf80000          0x2 FBS
                  0xf80000                  _FBS.sec

__FSS             0xf80002          0x2
 *(__FSS.sec)
 __FSS.sec        0xf80002          0x2 FSS
                  0xf80002                  _FSS.sec

__FGS             0xf80004          0x2
 *(__FGS.sec)
 __FGS.sec        0xf80004          0x2 FGS
                  0xf80004                  _FGS.sec

__FOSCSEL         0xf80006          0x2
 *(__FOSCSEL.sec)
 __FOSCSEL.sec    0xf80006          0x2 SDR_Cube.o

__FOSC            0xf80008          0x2
 *(__FOSC.sec)
 __FOSC.sec       0xf80008          0x2 SDR_Cube.o

__FWDT            0xf8000a          0x2
 *(__FWDT.sec)
 __FWDT.sec       0xf8000a          0x2 SDR_Cube.o

__FPOR            0xf8000c          0x2
 *(__FPOR.sec)
 __FPOR.sec       0xf8000c          0x2 SDR_Cube.o

__FICD
 *(__FICD.sec)

__FUID0
 *(__FUID0.sec)

__FUID1
 *(__FUID1.sec)

__FUID2
 *(__FUID2.sec)

__FUID3
 *(__FUID3.sec)

.comment          0x000000         0x5e
 *(.comment)
 .comment         0x000000         0x5e d:/program files/microchip/mplab c30_v320/bin/bin/../../lib\libc-coff.a(xfiles.o)

.debug_info
 *(.debug_info)
 *(.gnu.linkonce.wi.*)

.debug_abbrev
 *(.debug_abbrev)

.debug_line
 *(.debug_line)

.debug_frame
 *(.debug_frame)

.debug_str
 *(.debug_str)

.debug_loc
 *(.debug_loc)

.debug_macinfo
 *(.debug_macinfo)

.debug_pubnames
 *(.debug_pubnames)

.debug_ranges
 *(.debug_ranges)

.debug_aranges
 *(.debug_aranges)

.ivt              0x000004         0xfc
                  0x000004          0x4 LONG 0xd936 DEFINED (__ReservedTrap0)?<code 339> (__ReservedTrap0):<code 339> (__DefaultInterrupt)
                  0x000006          0x4 LONG 0xd936 DEFINED (__OscillatorFail)?<code 339> (__OscillatorFail):<code 339> (__DefaultInterrupt)
                  0x000008          0x4 LONG 0xd936 DEFINED (__AddressError)?<code 339> (__AddressError):<code 339> (__DefaultInterrupt)
                  0x00000a          0x4 LONG 0xd936 DEFINED (__StackError)?<code 339> (__StackError):<code 339> (__DefaultInterrupt)
                  0x00000c          0x4 LONG 0xd936 DEFINED (__MathError)?<code 339> (__MathError):<code 339> (__DefaultInterrupt)
                  0x00000e          0x4 LONG 0xd936 DEFINED (__DMACError)?<code 339> (__DMACError):<code 339> (__DefaultInterrupt)
                  0x000010          0x4 LONG 0xd936 DEFINED (__ReservedTrap6)?<code 339> (__ReservedTrap6):<code 339> (__DefaultInterrupt)
                  0x000012          0x4 LONG 0xd936 DEFINED (__ReservedTrap7)?<code 339> (__ReservedTrap7):<code 339> (__DefaultInterrupt)
                  0x000014          0x4 LONG 0xd936 DEFINED (__INT0Interrupt)?<code 339> (__INT0Interrupt):<code 339> (__DefaultInterrupt)
                  0x000016          0x4 LONG 0xd936 DEFINED (__IC1Interrupt)?<code 339> (__IC1Interrupt):<code 339> (__DefaultInterrupt)
                  0x000018          0x4 LONG 0xd936 DEFINED (__OC1Interrupt)?<code 339> (__OC1Interrupt):<code 339> (__DefaultInterrupt)
                  0x00001a          0x4 LONG 0xd936 DEFINED (__T1Interrupt)?<code 339> (__T1Interrupt):<code 339> (__DefaultInterrupt)
                  0x00001c          0x4 LONG 0xd936 DEFINED (__DMA0Interrupt)?<code 339> (__DMA0Interrupt):<code 339> (__DefaultInterrupt)
                  0x00001e          0x4 LONG 0xd936 DEFINED (__IC2Interrupt)?<code 339> (__IC2Interrupt):<code 339> (__DefaultInterrupt)
                  0x000020          0x4 LONG 0xd936 DEFINED (__OC2Interrupt)?<code 339> (__OC2Interrupt):<code 339> (__DefaultInterrupt)
                  0x000022          0x4 LONG 0xd936 DEFINED (__T2Interrupt)?<code 339> (__T2Interrupt):<code 339> (__DefaultInterrupt)
                  0x000024          0x4 LONG 0xc2a8 DEFINED (__T3Interrupt)?<code 339> (__T3Interrupt):<code 339> (__DefaultInterrupt)
                  0x000026          0x4 LONG 0xd936 DEFINED (__SPI1ErrInterrupt)?<code 339> (__SPI1ErrInterrupt):<code 339> (__DefaultInterrupt)
                  0x000028          0x4 LONG 0xd936 DEFINED (__SPI1Interrupt)?<code 339> (__SPI1Interrupt):<code 339> (__DefaultInterrupt)
                  0x00002a          0x4 LONG 0xd114 DEFINED (__U1RXInterrupt)?<code 339> (__U1RXInterrupt):<code 339> (__DefaultInterrupt)
                  0x00002c          0x4 LONG 0xd936 DEFINED (__U1TXInterrupt)?<code 339> (__U1TXInterrupt):<code 339> (__DefaultInterrupt)
                  0x00002e          0x4 LONG 0xd936 DEFINED (__ADC1Interrupt)?<code 339> (__ADC1Interrupt):<code 339> (__DefaultInterrupt)
                  0x000030          0x4 LONG 0xd936 DEFINED (__DMA1Interrupt)?<code 339> (__DMA1Interrupt):<code 339> (__DefaultInterrupt)
                  0x000032          0x4 LONG 0xd936 DEFINED (__Interrupt15)?<code 339> (__Interrupt15):<code 339> (__DefaultInterrupt)
                  0x000034          0x4 LONG 0xd936 DEFINED (__SI2C1Interrupt)?<code 339> (__SI2C1Interrupt):<code 339> (__DefaultInterrupt)
                  0x000036          0x4 LONG 0xd936 DEFINED (__MI2C1Interrupt)?<code 339> (__MI2C1Interrupt):<code 339> (__DefaultInterrupt)
                  0x000038          0x4 LONG 0xd936 DEFINED (__Interrupt18)?<code 339> (__Interrupt18):<code 339> (__DefaultInterrupt)
                  0x00003a          0x4 LONG 0xd936 DEFINED (__CNInterrupt)?<code 339> (__CNInterrupt):<code 339> (__DefaultInterrupt)
                  0x00003c          0x4 LONG 0xd936 DEFINED (__INT1Interrupt)?<code 339> (__INT1Interrupt):<code 339> (__DefaultInterrupt)
                  0x00003e          0x4 LONG 0xd936 DEFINED (__ADC2Interrupt)?<code 339> (__ADC2Interrupt):<code 339> (__DefaultInterrupt)
                  0x000040          0x4 LONG 0xd936 DEFINED (__IC7Interrupt)?<code 339> (__IC7Interrupt):<code 339> (__DefaultInterrupt)
                  0x000042          0x4 LONG 0xd936 DEFINED (__IC8Interrupt)?<code 339> (__IC8Interrupt):<code 339> (__DefaultInterrupt)
                  0x000044          0x4 LONG 0xd936 DEFINED (__DMA2Interrupt)?<code 339> (__DMA2Interrupt):<code 339> (__DefaultInterrupt)
                  0x000046          0x4 LONG 0xd936 DEFINED (__OC3Interrupt)?<code 339> (__OC3Interrupt):<code 339> (__DefaultInterrupt)
                  0x000048          0x4 LONG 0xd936 DEFINED (__OC4Interrupt)?<code 339> (__OC4Interrupt):<code 339> (__DefaultInterrupt)
                  0x00004a          0x4 LONG 0xd936 DEFINED (__T4Interrupt)?<code 339> (__T4Interrupt):<code 339> (__DefaultInterrupt)
                  0x00004c          0x4 LONG 0xd936 DEFINED (__T5Interrupt)?<code 339> (__T5Interrupt):<code 339> (__DefaultInterrupt)
                  0x00004e          0x4 LONG 0xd936 DEFINED (__INT2Interrupt)?<code 339> (__INT2Interrupt):<code 339> (__DefaultInterrupt)
                  0x000050          0x4 LONG 0xd276 DEFINED (__U2RXInterrupt)?<code 339> (__U2RXInterrupt):<code 339> (__DefaultInterrupt)
                  0x000052          0x4 LONG 0xd936 DEFINED (__U2TXInterrupt)?<code 339> (__U2TXInterrupt):<code 339> (__DefaultInterrupt)
                  0x000054          0x4 LONG 0xd936 DEFINED (__SPI2ErrInterrupt)?<code 339> (__SPI2ErrInterrupt):<code 339> (__DefaultInterrupt)
                  0x000056          0x4 LONG 0xd936 DEFINED (__SPI2Interrupt)?<code 339> (__SPI2Interrupt):<code 339> (__DefaultInterrupt)
                  0x000058          0x4 LONG 0xd936 DEFINED (__C1RxRdyInterrupt)?<code 339> (__C1RxRdyInterrupt):<code 339> (__DefaultInterrupt)
                  0x00005a          0x4 LONG 0xd936 DEFINED (__C1Interrupt)?<code 339> (__C1Interrupt):<code 339> (__DefaultInterrupt)
                  0x00005c          0x4 LONG 0xd936 DEFINED (__DMA3Interrupt)?<code 339> (__DMA3Interrupt):<code 339> (__DefaultInterrupt)
                  0x00005e          0x4 LONG 0xd936 DEFINED (__IC3Interrupt)?<code 339> (__IC3Interrupt):<code 339> (__DefaultInterrupt)
                  0x000060          0x4 LONG 0xd936 DEFINED (__IC4Interrupt)?<code 339> (__IC4Interrupt):<code 339> (__DefaultInterrupt)
                  0x000062          0x4 LONG 0xd936 DEFINED (__IC5Interrupt)?<code 339> (__IC5Interrupt):<code 339> (__DefaultInterrupt)
                  0x000064          0x4 LONG 0xd936 DEFINED (__IC6Interrupt)?<code 339> (__IC6Interrupt):<code 339> (__DefaultInterrupt)
                  0x000066          0x4 LONG 0xd936 DEFINED (__OC5Interrupt)?<code 339> (__OC5Interrupt):<code 339> (__DefaultInterrupt)
                  0x000068          0x4 LONG 0xd936 DEFINED (__OC6Interrupt)?<code 339> (__OC6Interrupt):<code 339> (__DefaultInterrupt)
                  0x00006a          0x4 LONG 0xd936 DEFINED (__OC7Interrupt)?<code 339> (__OC7Interrupt):<code 339> (__DefaultInterrupt)
                  0x00006c          0x4 LONG 0xd936 DEFINED (__OC8Interrupt)?<code 339> (__OC8Interrupt):<code 339> (__DefaultInterrupt)
                  0x00006e          0x4 LONG 0xd936 DEFINED (__Interrupt45)?<code 339> (__Interrupt45):<code 339> (__DefaultInterrupt)
                  0x000070          0x4 LONG 0xd936 DEFINED (__DMA4Interrupt)?<code 339> (__DMA4Interrupt):<code 339> (__DefaultInterrupt)
                  0x000072          0x4 LONG 0xd936 DEFINED (__T6Interrupt)?<code 339> (__T6Interrupt):<code 339> (__DefaultInterrupt)
                  0x000074          0x4 LONG 0xd936 DEFINED (__T7Interrupt)?<code 339> (__T7Interrupt):<code 339> (__DefaultInterrupt)
                  0x000076          0x4 LONG 0xd936 DEFINED (__SI2C2Interrupt)?<code 339> (__SI2C2Interrupt):<code 339> (__DefaultInterrupt)
                  0x000078          0x4 LONG 0xd936 DEFINED (__MI2C2Interrupt)?<code 339> (__MI2C2Interrupt):<code 339> (__DefaultInterrupt)
                  0x00007a          0x4 LONG 0xd936 DEFINED (__T8Interrupt)?<code 339> (__T8Interrupt):<code 339> (__DefaultInterrupt)
                  0x00007c          0x4 LONG 0xd936 DEFINED (__T9Interrupt)?<code 339> (__T9Interrupt):<code 339> (__DefaultInterrupt)
                  0x00007e          0x4 LONG 0xd936 DEFINED (__INT3Interrupt)?<code 339> (__INT3Interrupt):<code 339> (__DefaultInterrupt)
                  0x000080          0x4 LONG 0xd936 DEFINED (__INT4Interrupt)?<code 339> (__INT4Interrupt):<code 339> (__DefaultInterrupt)
                  0x000082          0x4 LONG 0xd936 DEFINED (__C2RxRdyInterrupt)?<code 339> (__C2RxRdyInterrupt):<code 339> (__DefaultInterrupt)
                  0x000084          0x4 LONG 0xd936 DEFINED (__C2Interrupt)?<code 339> (__C2Interrupt):<code 339> (__DefaultInterrupt)
                  0x000086          0x4 LONG 0xd936 DEFINED (__Interrupt57)?<code 339> (__Interrupt57):<code 339> (__DefaultInterrupt)
                  0x000088          0x4 LONG 0xd936 DEFINED (__Interrupt58)?<code 339> (__Interrupt58):<code 339> (__DefaultInterrupt)
                  0x00008a          0x4 LONG 0xd936 DEFINED (__DCIErrInterrupt)?<code 339> (__DCIErrInterrupt):<code 339> (__DefaultInterrupt)
                  0x00008c          0x4 LONG 0x9dee DEFINED (__DCIInterrupt)?<code 339> (__DCIInterrupt):<code 339> (__DefaultInterrupt)
                  0x00008e          0x4 LONG 0xd936 DEFINED (__DMA5Interrupt)?<code 339> (__DMA5Interrupt):<code 339> (__DefaultInterrupt)
                  0x000090          0x4 LONG 0xd936 DEFINED (__Interrupt62)?<code 339> (__Interrupt62):<code 339> (__DefaultInterrupt)
                  0x000092          0x4 LONG 0xd936 DEFINED (__Interrupt63)?<code 339> (__Interrupt63):<code 339> (__DefaultInterrupt)
                  0x000094          0x4 LONG 0xd936 DEFINED (__Interrupt64)?<code 339> (__Interrupt64):<code 339> (__DefaultInterrupt)
                  0x000096          0x4 LONG 0xd936 DEFINED (__U1ErrInterrupt)?<code 339> (__U1ErrInterrupt):<code 339> (__DefaultInterrupt)
                  0x000098          0x4 LONG 0xd936 DEFINED (__U2ErrInterrupt)?<code 339> (__U2ErrInterrupt):<code 339> (__DefaultInterrupt)
                  0x00009a          0x4 LONG 0xd936 DEFINED (__Interrupt67)?<code 339> (__Interrupt67):<code 339> (__DefaultInterrupt)
                  0x00009c          0x4 LONG 0xd936 DEFINED (__DMA6Interrupt)?<code 339> (__DMA6Interrupt):<code 339> (__DefaultInterrupt)
                  0x00009e          0x4 LONG 0xd936 DEFINED (__DMA7Interrupt)?<code 339> (__DMA7Interrupt):<code 339> (__DefaultInterrupt)
                  0x0000a0          0x4 LONG 0xd936 DEFINED (__C1TxReqInterrupt)?<code 339> (__C1TxReqInterrupt):<code 339> (__DefaultInterrupt)
                  0x0000a2          0x4 LONG 0xd936 DEFINED (__C2TxReqInterrupt)?<code 339> (__C2TxReqInterrupt):<code 339> (__DefaultInterrupt)
                  0x0000a4          0x4 LONG 0xd936 DEFINED (__Interrupt72)?<code 339> (__Interrupt72):<code 339> (__DefaultInterrupt)
                  0x0000a6          0x4 LONG 0xd936 DEFINED (__Interrupt73)?<code 339> (__Interrupt73):<code 339> (__DefaultInterrupt)
                  0x0000a8          0x4 LONG 0xd936 DEFINED (__Interrupt74)?<code 339> (__Interrupt74):<code 339> (__DefaultInterrupt)
                  0x0000aa          0x4 LONG 0xd936 DEFINED (__Interrupt75)?<code 339> (__Interrupt75):<code 339> (__DefaultInterrupt)
                  0x0000ac          0x4 LONG 0xd936 DEFINED (__Interrupt76)?<code 339> (__Interrupt76):<code 339> (__DefaultInterrupt)
                  0x0000ae          0x4 LONG 0xd936 DEFINED (__Interrupt77)?<code 339> (__Interrupt77):<code 339> (__DefaultInterrupt)
                  0x0000b0          0x4 LONG 0xd936 DEFINED (__Interrupt78)?<code 339> (__Interrupt78):<code 339> (__DefaultInterrupt)
                  0x0000b2          0x4 LONG 0xd936 DEFINED (__Interrupt79)?<code 339> (__Interrupt79):<code 339> (__DefaultInterrupt)
                  0x0000b4          0x4 LONG 0xd936 DEFINED (__Interrupt80)?<code 339> (__Interrupt80):<code 339> (__DefaultInterrupt)
                  0x0000b6          0x4 LONG 0xd936 DEFINED (__Interrupt81)?<code 339> (__Interrupt81):<code 339> (__DefaultInterrupt)
                  0x0000b8          0x4 LONG 0xd936 DEFINED (__Interrupt82)?<code 339> (__Interrupt82):<code 339> (__DefaultInterrupt)
                  0x0000ba          0x4 LONG 0xd936 DEFINED (__Interrupt83)?<code 339> (__Interrupt83):<code 339> (__DefaultInterrupt)
                  0x0000bc          0x4 LONG 0xd936 DEFINED (__Interrupt84)?<code 339> (__Interrupt84):<code 339> (__DefaultInterrupt)
                  0x0000be          0x4 LONG 0xd936 DEFINED (__Interrupt85)?<code 339> (__Interrupt85):<code 339> (__DefaultInterrupt)
                  0x0000c0          0x4 LONG 0xd936 DEFINED (__Interrupt86)?<code 339> (__Interrupt86):<code 339> (__DefaultInterrupt)
                  0x0000c2          0x4 LONG 0xd936 DEFINED (__Interrupt87)?<code 339> (__Interrupt87):<code 339> (__DefaultInterrupt)
                  0x0000c4          0x4 LONG 0xd936 DEFINED (__Interrupt88)?<code 339> (__Interrupt88):<code 339> (__DefaultInterrupt)
                  0x0000c6          0x4 LONG 0xd936 DEFINED (__Interrupt89)?<code 339> (__Interrupt89):<code 339> (__DefaultInterrupt)
                  0x0000c8          0x4 LONG 0xd936 DEFINED (__Interrupt90)?<code 339> (__Interrupt90):<code 339> (__DefaultInterrupt)
                  0x0000ca          0x4 LONG 0xd936 DEFINED (__Interrupt91)?<code 339> (__Interrupt91):<code 339> (__DefaultInterrupt)
                  0x0000cc          0x4 LONG 0xd936 DEFINED (__Interrupt92)?<code 339> (__Interrupt92):<code 339> (__DefaultInterrupt)
                  0x0000ce          0x4 LONG 0xd936 DEFINED (__Interrupt93)?<code 339> (__Interrupt93):<code 339> (__DefaultInterrupt)
                  0x0000d0          0x4 LONG 0xd936 DEFINED (__Interrupt94)?<code 339> (__Interrupt94):<code 339> (__DefaultInterrupt)
                  0x0000d2          0x4 LONG 0xd936 DEFINED (__Interrupt95)?<code 339> (__Interrupt95):<code 339> (__DefaultInterrupt)
                  0x0000d4          0x4 LONG 0xd936 DEFINED (__Interrupt96)?<code 339> (__Interrupt96):<code 339> (__DefaultInterrupt)
                  0x0000d6          0x4 LONG 0xd936 DEFINED (__Interrupt97)?<code 339> (__Interrupt97):<code 339> (__DefaultInterrupt)
                  0x0000d8          0x4 LONG 0xd936 DEFINED (__Interrupt98)?<code 339> (__Interrupt98):<code 339> (__DefaultInterrupt)
                  0x0000da          0x4 LONG 0xd936 DEFINED (__Interrupt99)?<code 339> (__Interrupt99):<code 339> (__DefaultInterrupt)
                  0x0000dc          0x4 LONG 0xd936 DEFINED (__Interrupt100)?<code 339> (__Interrupt100):<code 339> (__DefaultInterrupt)
                  0x0000de          0x4 LONG 0xd936 DEFINED (__Interrupt101)?<code 339> (__Interrupt101):<code 339> (__DefaultInterrupt)
                  0x0000e0          0x4 LONG 0xd936 DEFINED (__Interrupt102)?<code 339> (__Interrupt102):<code 339> (__DefaultInterrupt)
                  0x0000e2          0x4 LONG 0xd936 DEFINED (__Interrupt103)?<code 339> (__Interrupt103):<code 339> (__DefaultInterrupt)
                  0x0000e4          0x4 LONG 0xd936 DEFINED (__Interrupt104)?<code 339> (__Interrupt104):<code 339> (__DefaultInterrupt)
                  0x0000e6          0x4 LONG 0xd936 DEFINED (__Interrupt105)?<code 339> (__Interrupt105):<code 339> (__DefaultInterrupt)
                  0x0000e8          0x4 LONG 0xd936 DEFINED (__Interrupt106)?<code 339> (__Interrupt106):<code 339> (__DefaultInterrupt)
                  0x0000ea          0x4 LONG 0xd936 DEFINED (__Interrupt107)?<code 339> (__Interrupt107):<code 339> (__DefaultInterrupt)
                  0x0000ec          0x4 LONG 0xd936 DEFINED (__Interrupt108)?<code 339> (__Interrupt108):<code 339> (__DefaultInterrupt)
                  0x0000ee          0x4 LONG 0xd936 DEFINED (__Interrupt109)?<code 339> (__Interrupt109):<code 339> (__DefaultInterrupt)
                  0x0000f0          0x4 LONG 0xd936 DEFINED (__Interrupt110)?<code 339> (__Interrupt110):<code 339> (__DefaultInterrupt)
                  0x0000f2          0x4 LONG 0xd936 DEFINED (__Interrupt111)?<code 339> (__Interrupt111):<code 339> (__DefaultInterrupt)
                  0x0000f4          0x4 LONG 0xd936 DEFINED (__Interrupt112)?<code 339> (__Interrupt112):<code 339> (__DefaultInterrupt)
                  0x0000f6          0x4 LONG 0xd936 DEFINED (__Interrupt113)?<code 339> (__Interrupt113):<code 339> (__DefaultInterrupt)
                  0x0000f8          0x4 LONG 0xd936 DEFINED (__Interrupt114)?<code 339> (__Interrupt114):<code 339> (__DefaultInterrupt)
                  0x0000fa          0x4 LONG 0xd936 DEFINED (__Interrupt115)?<code 339> (__Interrupt115):<code 339> (__DefaultInterrupt)
                  0x0000fc          0x4 LONG 0xd936 DEFINED (__Interrupt116)?<code 339> (__Interrupt116):<code 339> (__DefaultInterrupt)
                  0x0000fe          0x4 LONG 0xd936 DEFINED (__Interrupt117)?<code 339> (__Interrupt117):<code 339> (__DefaultInterrupt)

.aivt             0x000104         0xfc
                  0x000104          0x4 LONG 0xd936 DEFINED (__AltReservedTrap0)?<code 339> (__AltReservedTrap0):DEFINED (__ReservedTrap0)?<code 339> (__ReservedTrap0):<code 339> (__DefaultInterrupt)
                  0x000106          0x4 LONG 0xd936 DEFINED (__AltOscillatorFail)?<code 339> (__AltOscillatorFail):DEFINED (__OscillatorFail)?<code 339> (__OscillatorFail):<code 339> (__DefaultInterrupt)
                  0x000108          0x4 LONG 0xd936 DEFINED (__AltAddressError)?<code 339> (__AltAddressError):DEFINED (__AddressError)?<code 339> (__AddressError):<code 339> (__DefaultInterrupt)
                  0x00010a          0x4 LONG 0xd936 DEFINED (__AltStackError)?<code 339> (__AltStackError):DEFINED (__StackError)?<code 339> (__StackError):<code 339> (__DefaultInterrupt)
                  0x00010c          0x4 LONG 0xd936 DEFINED (__AltMathError)?<code 339> (__AltMathError):DEFINED (__MathError)?<code 339> (__MathError):<code 339> (__DefaultInterrupt)
                  0x00010e          0x4 LONG 0xd936 DEFINED (__AltDMACError)?<code 339> (__AltDMACError):DEFINED (__DMACError)?<code 339> (__DMACError):<code 339> (__DefaultInterrupt)
                  0x000110          0x4 LONG 0xd936 DEFINED (__AltReservedTrap6)?<code 339> (__AltReservedTrap6):DEFINED (__ReservedTrap6)?<code 339> (__ReservedTrap6):<code 339> (__DefaultInterrupt)
                  0x000112          0x4 LONG 0xd936 DEFINED (__AltReservedTrap7)?<code 339> (__AltReservedTrap7):DEFINED (__ReservedTrap7)?<code 339> (__ReservedTrap7):<code 339> (__DefaultInterrupt)
                  0x000114          0x4 LONG 0xd936 DEFINED (__AltINT0Interrupt)?<code 339> (__AltINT0Interrupt):DEFINED (__INT0Interrupt)?<code 339> (__INT0Interrupt):<code 339> (__DefaultInterrupt)
                  0x000116          0x4 LONG 0xd936 DEFINED (__AltIC1Interrupt)?<code 339> (__AltIC1Interrupt):DEFINED (__IC1Interrupt)?<code 339> (__IC1Interrupt):<code 339> (__DefaultInterrupt)
                  0x000118          0x4 LONG 0xd936 DEFINED (__AltOC1Interrupt)?<code 339> (__AltOC1Interrupt):DEFINED (__OC1Interrupt)?<code 339> (__OC1Interrupt):<code 339> (__DefaultInterrupt)
                  0x00011a          0x4 LONG 0xd936 DEFINED (__AltT1Interrupt)?<code 339> (__AltT1Interrupt):DEFINED (__T1Interrupt)?<code 339> (__T1Interrupt):<code 339> (__DefaultInterrupt)
                  0x00011c          0x4 LONG 0xd936 DEFINED (__AltDMA0Interrupt)?<code 339> (__AltDMA0Interrupt):DEFINED (__DMA0Interrupt)?<code 339> (__DMA0Interrupt):<code 339> (__DefaultInterrupt)
                  0x00011e          0x4 LONG 0xd936 DEFINED (__AltIC2Interrupt)?<code 339> (__AltIC2Interrupt):DEFINED (__IC2Interrupt)?<code 339> (__IC2Interrupt):<code 339> (__DefaultInterrupt)
                  0x000120          0x4 LONG 0xd936 DEFINED (__AltOC2Interrupt)?<code 339> (__AltOC2Interrupt):DEFINED (__OC2Interrupt)?<code 339> (__OC2Interrupt):<code 339> (__DefaultInterrupt)
                  0x000122          0x4 LONG 0xd936 DEFINED (__AltT2Interrupt)?<code 339> (__AltT2Interrupt):DEFINED (__T2Interrupt)?<code 339> (__T2Interrupt):<code 339> (__DefaultInterrupt)
                  0x000124          0x4 LONG 0xc2a8 DEFINED (__AltT3Interrupt)?<code 339> (__AltT3Interrupt):DEFINED (__T3Interrupt)?<code 339> (__T3Interrupt):<code 339> (__DefaultInterrupt)
                  0x000126          0x4 LONG 0xd936 DEFINED (__AltSPI1ErrInterrupt)?<code 339> (__AltSPI1ErrInterrupt):DEFINED (__SPI1ErrInterrupt)?<code 339> (__SPI1ErrInterrupt):<code 339> (__DefaultInterrupt)
                  0x000128          0x4 LONG 0xd936 DEFINED (__AltSPI1Interrupt)?<code 339> (__AltSPI1Interrupt):DEFINED (__SPI1Interrupt)?<code 339> (__SPI1Interrupt):<code 339> (__DefaultInterrupt)
                  0x00012a          0x4 LONG 0xd114 DEFINED (__AltU1RXInterrupt)?<code 339> (__AltU1RXInterrupt):DEFINED (__U1RXInterrupt)?<code 339> (__U1RXInterrupt):<code 339> (__DefaultInterrupt)
                  0x00012c          0x4 LONG 0xd936 DEFINED (__AltU1TXInterrupt)?<code 339> (__AltU1TXInterrupt):DEFINED (__U1TXInterrupt)?<code 339> (__U1TXInterrupt):<code 339> (__DefaultInterrupt)
                  0x00012e          0x4 LONG 0xd936 DEFINED (__AltADC1Interrupt)?<code 339> (__AltADC1Interrupt):DEFINED (__ADC1Interrupt)?<code 339> (__ADC1Interrupt):<code 339> (__DefaultInterrupt)
                  0x000130          0x4 LONG 0xd936 DEFINED (__AltDMA1Interrupt)?<code 339> (__AltDMA1Interrupt):DEFINED (__DMA1Interrupt)?<code 339> (__DMA1Interrupt):<code 339> (__DefaultInterrupt)
                  0x000132          0x4 LONG 0xd936 DEFINED (__AltInterrupt15)?<code 339> (__AltInterrupt15):DEFINED (__Interrupt15)?<code 339> (__Interrupt15):<code 339> (__DefaultInterrupt)
                  0x000134          0x4 LONG 0xd936 DEFINED (__AltSI2C1Interrupt)?<code 339> (__AltSI2C1Interrupt):DEFINED (__SI2C1Interrupt)?<code 339> (__SI2C1Interrupt):<code 339> (__DefaultInterrupt)
                  0x000136          0x4 LONG 0xd936 DEFINED (__AltMI2C1Interrupt)?<code 339> (__AltMI2C1Interrupt):DEFINED (__MI2C1Interrupt)?<code 339> (__MI2C1Interrupt):<code 339> (__DefaultInterrupt)
                  0x000138          0x4 LONG 0xd936 DEFINED (__AltInterrupt18)?<code 339> (__AltInterrupt18):DEFINED (__Interrupt18)?<code 339> (__Interrupt18):<code 339> (__DefaultInterrupt)
                  0x00013a          0x4 LONG 0xd936 DEFINED (__AltCNInterrupt)?<code 339> (__AltCNInterrupt):DEFINED (__CNInterrupt)?<code 339> (__CNInterrupt):<code 339> (__DefaultInterrupt)
                  0x00013c          0x4 LONG 0xd936 DEFINED (__AltINT1Interrupt)?<code 339> (__AltINT1Interrupt):DEFINED (__INT1Interrupt)?<code 339> (__INT1Interrupt):<code 339> (__DefaultInterrupt)
                  0x00013e          0x4 LONG 0xd936 DEFINED (__AltADC2Interrupt)?<code 339> (__AltADC2Interrupt):DEFINED (__ADC2Interrupt)?<code 339> (__ADC2Interrupt):<code 339> (__DefaultInterrupt)
                  0x000140          0x4 LONG 0xd936 DEFINED (__AltIC7Interrupt)?<code 339> (__AltIC7Interrupt):DEFINED (__IC7Interrupt)?<code 339> (__IC7Interrupt):<code 339> (__DefaultInterrupt)
                  0x000142          0x4 LONG 0xd936 DEFINED (__AltIC8Interrupt)?<code 339> (__AltIC8Interrupt):DEFINED (__IC8Interrupt)?<code 339> (__IC8Interrupt):<code 339> (__DefaultInterrupt)
                  0x000144          0x4 LONG 0xd936 DEFINED (__AltDMA2Interrupt)?<code 339> (__AltDMA2Interrupt):DEFINED (__DMA2Interrupt)?<code 339> (__DMA2Interrupt):<code 339> (__DefaultInterrupt)
                  0x000146          0x4 LONG 0xd936 DEFINED (__AltOC3Interrupt)?<code 339> (__AltOC3Interrupt):DEFINED (__OC3Interrupt)?<code 339> (__OC3Interrupt):<code 339> (__DefaultInterrupt)
                  0x000148          0x4 LONG 0xd936 DEFINED (__AltOC4Interrupt)?<code 339> (__AltOC4Interrupt):DEFINED (__OC4Interrupt)?<code 339> (__OC4Interrupt):<code 339> (__DefaultInterrupt)
                  0x00014a          0x4 LONG 0xd936 DEFINED (__AltT4Interrupt)?<code 339> (__AltT4Interrupt):DEFINED (__T4Interrupt)?<code 339> (__T4Interrupt):<code 339> (__DefaultInterrupt)
                  0x00014c          0x4 LONG 0xd936 DEFINED (__AltT5Interrupt)?<code 339> (__AltT5Interrupt):DEFINED (__T5Interrupt)?<code 339> (__T5Interrupt):<code 339> (__DefaultInterrupt)
                  0x00014e          0x4 LONG 0xd936 DEFINED (__AltINT2Interrupt)?<code 339> (__AltINT2Interrupt):DEFINED (__INT2Interrupt)?<code 339> (__INT2Interrupt):<code 339> (__DefaultInterrupt)
                  0x000150          0x4 LONG 0xd276 DEFINED (__AltU2RXInterrupt)?<code 339> (__AltU2RXInterrupt):DEFINED (__U2RXInterrupt)?<code 339> (__U2RXInterrupt):<code 339> (__DefaultInterrupt)
                  0x000152          0x4 LONG 0xd936 DEFINED (__AltU2TXInterrupt)?<code 339> (__AltU2TXInterrupt):DEFINED (__U2TXInterrupt)?<code 339> (__U2TXInterrupt):<code 339> (__DefaultInterrupt)
                  0x000154          0x4 LONG 0xd936 DEFINED (__AltSPI2ErrInterrupt)?<code 339> (__AltSPI2ErrInterrupt):DEFINED (__SPI2ErrInterrupt)?<code 339> (__SPI2ErrInterrupt):<code 339> (__DefaultInterrupt)
                  0x000156          0x4 LONG 0xd936 DEFINED (__AltSPI2Interrupt)?<code 339> (__AltSPI2Interrupt):DEFINED (__SPI2Interrupt)?<code 339> (__SPI2Interrupt):<code 339> (__DefaultInterrupt)
                  0x000158          0x4 LONG 0xd936 DEFINED (__AltC1RxRdyInterrupt)?<code 339> (__AltC1RxRdyInterrupt):DEFINED (__C1RxRdyInterrupt)?<code 339> (__C1RxRdyInterrupt):<code 339> (__DefaultInterrupt)
                  0x00015a          0x4 LONG 0xd936 DEFINED (__AltC1Interrupt)?<code 339> (__AltC1Interrupt):DEFINED (__C1Interrupt)?<code 339> (__C1Interrupt):<code 339> (__DefaultInterrupt)
                  0x00015c          0x4 LONG 0xd936 DEFINED (__AltDMA3Interrupt)?<code 339> (__AltDMA3Interrupt):DEFINED (__DMA3Interrupt)?<code 339> (__DMA3Interrupt):<code 339> (__DefaultInterrupt)
                  0x00015e          0x4 LONG 0xd936 DEFINED (__AltIC3Interrupt)?<code 339> (__AltIC3Interrupt):DEFINED (__IC3Interrupt)?<code 339> (__IC3Interrupt):<code 339> (__DefaultInterrupt)
                  0x000160          0x4 LONG 0xd936 DEFINED (__AltIC4Interrupt)?<code 339> (__AltIC4Interrupt):DEFINED (__IC4Interrupt)?<code 339> (__IC4Interrupt):<code 339> (__DefaultInterrupt)
                  0x000162          0x4 LONG 0xd936 DEFINED (__AltIC5Interrupt)?<code 339> (__AltIC5Interrupt):DEFINED (__IC5Interrupt)?<code 339> (__IC5Interrupt):<code 339> (__DefaultInterrupt)
                  0x000164          0x4 LONG 0xd936 DEFINED (__AltIC6Interrupt)?<code 339> (__AltIC6Interrupt):DEFINED (__IC6Interrupt)?<code 339> (__IC6Interrupt):<code 339> (__DefaultInterrupt)
                  0x000166          0x4 LONG 0xd936 DEFINED (__AltOC5Interrupt)?<code 339> (__AltOC5Interrupt):DEFINED (__OC5Interrupt)?<code 339> (__OC5Interrupt):<code 339> (__DefaultInterrupt)
                  0x000168          0x4 LONG 0xd936 DEFINED (__AltOC6Interrupt)?<code 339> (__AltOC6Interrupt):DEFINED (__OC6Interrupt)?<code 339> (__OC6Interrupt):<code 339> (__DefaultInterrupt)
                  0x00016a          0x4 LONG 0xd936 DEFINED (__AltOC7Interrupt)?<code 339> (__AltOC7Interrupt):DEFINED (__OC7Interrupt)?<code 339> (__OC7Interrupt):<code 339> (__DefaultInterrupt)
                  0x00016c          0x4 LONG 0xd936 DEFINED (__AltOC8Interrupt)?<code 339> (__AltOC8Interrupt):DEFINED (__OC8Interrupt)?<code 339> (__OC8Interrupt):<code 339> (__DefaultInterrupt)
                  0x00016e          0x4 LONG 0xd936 DEFINED (__AltInterrupt45)?<code 339> (__AltInterrupt45):DEFINED (__Interrupt45)?<code 339> (__Interrupt45):<code 339> (__DefaultInterrupt)
                  0x000170          0x4 LONG 0xd936 DEFINED (__AltDMA4Interrupt)?<code 339> (__AltDMA4Interrupt):DEFINED (__DMA4Interrupt)?<code 339> (__DMA4Interrupt):<code 339> (__DefaultInterrupt)
                  0x000172          0x4 LONG 0xd936 DEFINED (__AltT6Interrupt)?<code 339> (__AltT6Interrupt):DEFINED (__T6Interrupt)?<code 339> (__T6Interrupt):<code 339> (__DefaultInterrupt)
                  0x000174          0x4 LONG 0xd936 DEFINED (__AltT7Interrupt)?<code 339> (__AltT7Interrupt):DEFINED (__T7Interrupt)?<code 339> (__T7Interrupt):<code 339> (__DefaultInterrupt)
                  0x000176          0x4 LONG 0xd936 DEFINED (__AltSI2C2Interrupt)?<code 339> (__AltSI2C2Interrupt):DEFINED (__SI2C2Interrupt)?<code 339> (__SI2C2Interrupt):<code 339> (__DefaultInterrupt)
                  0x000178          0x4 LONG 0xd936 DEFINED (__AltMI2C2Interrupt)?<code 339> (__AltMI2C2Interrupt):DEFINED (__MI2C2Interrupt)?<code 339> (__MI2C2Interrupt):<code 339> (__DefaultInterrupt)
                  0x00017a          0x4 LONG 0xd936 DEFINED (__AltT8Interrupt)?<code 339> (__AltT8Interrupt):DEFINED (__T8Interrupt)?<code 339> (__T8Interrupt):<code 339> (__DefaultInterrupt)
                  0x00017c          0x4 LONG 0xd936 DEFINED (__AltT9Interrupt)?<code 339> (__AltT9Interrupt):DEFINED (__T9Interrupt)?<code 339> (__T9Interrupt):<code 339> (__DefaultInterrupt)
                  0x00017e          0x4 LONG 0xd936 DEFINED (__AltINT3Interrupt)?<code 339> (__AltINT3Interrupt):DEFINED (__INT3Interrupt)?<code 339> (__INT3Interrupt):<code 339> (__DefaultInterrupt)
                  0x000180          0x4 LONG 0xd936 DEFINED (__AltINT4Interrupt)?<code 339> (__AltINT4Interrupt):DEFINED (__INT4Interrupt)?<code 339> (__INT4Interrupt):<code 339> (__DefaultInterrupt)
                  0x000182          0x4 LONG 0xd936 DEFINED (__AltC2RxRdyInterrupt)?<code 339> (__AltC2RxRdyInterrupt):DEFINED (__C2RxRdyInterrupt)?<code 339> (__C2RxRdyInterrupt):<code 339> (__DefaultInterrupt)
                  0x000184          0x4 LONG 0xd936 DEFINED (__AltC2Interrupt)?<code 339> (__AltC2Interrupt):DEFINED (__C2Interrupt)?<code 339> (__C2Interrupt):<code 339> (__DefaultInterrupt)
                  0x000186          0x4 LONG 0xd936 DEFINED (__AltInterrupt57)?<code 339> (__AltInterrupt57):DEFINED (__Interrupt57)?<code 339> (__Interrupt57):<code 339> (__DefaultInterrupt)
                  0x000188          0x4 LONG 0xd936 DEFINED (__AltInterrupt58)?<code 339> (__AltInterrupt58):DEFINED (__Interrupt58)?<code 339> (__Interrupt58):<code 339> (__DefaultInterrupt)
                  0x00018a          0x4 LONG 0xd936 DEFINED (__AltDCIErrInterrupt)?<code 339> (__AltDCIErrInterrupt):DEFINED (__DCIErrInterrupt)?<code 339> (__DCIErrInterrupt):<code 339> (__DefaultInterrupt)
                  0x00018c          0x4 LONG 0x9dee DEFINED (__AltDCIInterrupt)?<code 339> (__AltDCIInterrupt):DEFINED (__DCIInterrupt)?<code 339> (__DCIInterrupt):<code 339> (__DefaultInterrupt)
                  0x00018e          0x4 LONG 0xd936 DEFINED (__AltDMA5Interrupt)?<code 339> (__AltDMA5Interrupt):DEFINED (__DMA5Interrupt)?<code 339> (__DMA5Interrupt):<code 339> (__DefaultInterrupt)
                  0x000190          0x4 LONG 0xd936 DEFINED (__AltInterrupt62)?<code 339> (__AltInterrupt62):DEFINED (__Interrupt62)?<code 339> (__Interrupt62):<code 339> (__DefaultInterrupt)
                  0x000192          0x4 LONG 0xd936 DEFINED (__AltInterrupt63)?<code 339> (__AltInterrupt63):DEFINED (__Interrupt63)?<code 339> (__Interrupt63):<code 339> (__DefaultInterrupt)
                  0x000194          0x4 LONG 0xd936 DEFINED (__AltInterrupt64)?<code 339> (__AltInterrupt64):DEFINED (__Interrupt64)?<code 339> (__Interrupt64):<code 339> (__DefaultInterrupt)
                  0x000196          0x4 LONG 0xd936 DEFINED (__AltU1ErrInterrupt)?<code 339> (__AltU1ErrInterrupt):DEFINED (__U1ErrInterrupt)?<code 339> (__U1ErrInterrupt):<code 339> (__DefaultInterrupt)
                  0x000198          0x4 LONG 0xd936 DEFINED (__AltU2ErrInterrupt)?<code 339> (__AltU2ErrInterrupt):DEFINED (__U2ErrInterrupt)?<code 339> (__U2ErrInterrupt):<code 339> (__DefaultInterrupt)
                  0x00019a          0x4 LONG 0xd936 DEFINED (__AltInterrupt67)?<code 339> (__AltInterrupt67):DEFINED (__Interrupt67)?<code 339> (__Interrupt67):<code 339> (__DefaultInterrupt)
                  0x00019c          0x4 LONG 0xd936 DEFINED (__AltDMA6Interrupt)?<code 339> (__AltDMA6Interrupt):DEFINED (__DMA6Interrupt)?<code 339> (__DMA6Interrupt):<code 339> (__DefaultInterrupt)
                  0x00019e          0x4 LONG 0xd936 DEFINED (__AltDMA7Interrupt)?<code 339> (__AltDMA7Interrupt):DEFINED (__DMA7Interrupt)?<code 339> (__DMA7Interrupt):<code 339> (__DefaultInterrupt)
                  0x0001a0          0x4 LONG 0xd936 DEFINED (__AltC1TxReqInterrupt)?<code 339> (__AltC1TxReqInterrupt):DEFINED (__C1TxReqInterrupt)?<code 339> (__C1TxReqInterrupt):<code 339> (__DefaultInterrupt)
                  0x0001a2          0x4 LONG 0xd936 DEFINED (__AltC2TxReqInterrupt)?<code 339> (__AltC2TxReqInterrupt):DEFINED (__C2TxReqInterrupt)?<code 339> (__C2TxReqInterrupt):<code 339> (__DefaultInterrupt)
                  0x0001a4          0x4 LONG 0xd936 DEFINED (__AltInterrupt72)?<code 339> (__AltInterrupt72):DEFINED (__Interrupt72)?<code 339> (__Interrupt72):<code 339> (__DefaultInterrupt)
                  0x0001a6          0x4 LONG 0xd936 DEFINED (__AltInterrupt73)?<code 339> (__AltInterrupt73):DEFINED (__Interrupt73)?<code 339> (__Interrupt73):<code 339> (__DefaultInterrupt)
                  0x0001a8          0x4 LONG 0xd936 DEFINED (__AltInterrupt74)?<code 339> (__AltInterrupt74):DEFINED (__Interrupt74)?<code 339> (__Interrupt74):<code 339> (__DefaultInterrupt)
                  0x0001aa          0x4 LONG 0xd936 DEFINED (__AltInterrupt75)?<code 339> (__AltInterrupt75):DEFINED (__Interrupt75)?<code 339> (__Interrupt75):<code 339> (__DefaultInterrupt)
                  0x0001ac          0x4 LONG 0xd936 DEFINED (__AltInterrupt76)?<code 339> (__AltInterrupt76):DEFINED (__Interrupt76)?<code 339> (__Interrupt76):<code 339> (__DefaultInterrupt)
                  0x0001ae          0x4 LONG 0xd936 DEFINED (__AltInterrupt77)?<code 339> (__AltInterrupt77):DEFINED (__Interrupt77)?<code 339> (__Interrupt77):<code 339> (__DefaultInterrupt)
                  0x0001b0          0x4 LONG 0xd936 DEFINED (__AltInterrupt78)?<code 339> (__AltInterrupt78):DEFINED (__Interrupt78)?<code 339> (__Interrupt78):<code 339> (__DefaultInterrupt)
                  0x0001b2          0x4 LONG 0xd936 DEFINED (__AltInterrupt79)?<code 339> (__AltInterrupt79):DEFINED (__Interrupt79)?<code 339> (__Interrupt79):<code 339> (__DefaultInterrupt)
                  0x0001b4          0x4 LONG 0xd936 DEFINED (__AltInterrupt80)?<code 339> (__AltInterrupt80):DEFINED (__Interrupt80)?<code 339> (__Interrupt80):<code 339> (__DefaultInterrupt)
                  0x0001b6          0x4 LONG 0xd936 DEFINED (__AltInterrupt81)?<code 339> (__AltInterrupt81):DEFINED (__Interrupt81)?<code 339> (__Interrupt81):<code 339> (__DefaultInterrupt)
                  0x0001b8          0x4 LONG 0xd936 DEFINED (__AltInterrupt82)?<code 339> (__AltInterrupt82):DEFINED (__Interrupt82)?<code 339> (__Interrupt82):<code 339> (__DefaultInterrupt)
                  0x0001ba          0x4 LONG 0xd936 DEFINED (__AltInterrupt83)?<code 339> (__AltInterrupt83):DEFINED (__Interrupt83)?<code 339> (__Interrupt83):<code 339> (__DefaultInterrupt)
                  0x0001bc          0x4 LONG 0xd936 DEFINED (__AltInterrupt84)?<code 339> (__AltInterrupt84):DEFINED (__Interrupt84)?<code 339> (__Interrupt84):<code 339> (__DefaultInterrupt)
                  0x0001be          0x4 LONG 0xd936 DEFINED (__AltInterrupt85)?<code 339> (__AltInterrupt85):DEFINED (__Interrupt85)?<code 339> (__Interrupt85):<code 339> (__DefaultInterrupt)
                  0x0001c0          0x4 LONG 0xd936 DEFINED (__AltInterrupt86)?<code 339> (__AltInterrupt86):DEFINED (__Interrupt86)?<code 339> (__Interrupt86):<code 339> (__DefaultInterrupt)
                  0x0001c2          0x4 LONG 0xd936 DEFINED (__AltInterrupt87)?<code 339> (__AltInterrupt87):DEFINED (__Interrupt87)?<code 339> (__Interrupt87):<code 339> (__DefaultInterrupt)
                  0x0001c4          0x4 LONG 0xd936 DEFINED (__AltInterrupt88)?<code 339> (__AltInterrupt88):DEFINED (__Interrupt88)?<code 339> (__Interrupt88):<code 339> (__DefaultInterrupt)
                  0x0001c6          0x4 LONG 0xd936 DEFINED (__AltInterrupt89)?<code 339> (__AltInterrupt89):DEFINED (__Interrupt89)?<code 339> (__Interrupt89):<code 339> (__DefaultInterrupt)
                  0x0001c8          0x4 LONG 0xd936 DEFINED (__AltInterrupt90)?<code 339> (__AltInterrupt90):DEFINED (__Interrupt90)?<code 339> (__Interrupt90):<code 339> (__DefaultInterrupt)
                  0x0001ca          0x4 LONG 0xd936 DEFINED (__AltInterrupt91)?<code 339> (__AltInterrupt91):DEFINED (__Interrupt91)?<code 339> (__Interrupt91):<code 339> (__DefaultInterrupt)
                  0x0001cc          0x4 LONG 0xd936 DEFINED (__AltInterrupt92)?<code 339> (__AltInterrupt92):DEFINED (__Interrupt92)?<code 339> (__Interrupt92):<code 339> (__DefaultInterrupt)
                  0x0001ce          0x4 LONG 0xd936 DEFINED (__AltInterrupt93)?<code 339> (__AltInterrupt93):DEFINED (__Interrupt93)?<code 339> (__Interrupt93):<code 339> (__DefaultInterrupt)
                  0x0001d0          0x4 LONG 0xd936 DEFINED (__AltInterrupt94)?<code 339> (__AltInterrupt94):DEFINED (__Interrupt94)?<code 339> (__Interrupt94):<code 339> (__DefaultInterrupt)
                  0x0001d2          0x4 LONG 0xd936 DEFINED (__AltInterrupt95)?<code 339> (__AltInterrupt95):DEFINED (__Interrupt95)?<code 339> (__Interrupt95):<code 339> (__DefaultInterrupt)
                  0x0001d4          0x4 LONG 0xd936 DEFINED (__AltInterrupt96)?<code 339> (__AltInterrupt96):DEFINED (__Interrupt96)?<code 339> (__Interrupt96):<code 339> (__DefaultInterrupt)
                  0x0001d6          0x4 LONG 0xd936 DEFINED (__AltInterrupt97)?<code 339> (__AltInterrupt97):DEFINED (__Interrupt97)?<code 339> (__Interrupt97):<code 339> (__DefaultInterrupt)
                  0x0001d8          0x4 LONG 0xd936 DEFINED (__AltInterrupt98)?<code 339> (__AltInterrupt98):DEFINED (__Interrupt98)?<code 339> (__Interrupt98):<code 339> (__DefaultInterrupt)
                  0x0001da          0x4 LONG 0xd936 DEFINED (__AltInterrupt99)?<code 339> (__AltInterrupt99):DEFINED (__Interrupt99)?<code 339> (__Interrupt99):<code 339> (__DefaultInterrupt)
                  0x0001dc          0x4 LONG 0xd936 DEFINED (__AltInterrupt100)?<code 339> (__AltInterrupt100):DEFINED (__Interrupt100)?<code 339> (__Interrupt100):<code 339> (__DefaultInterrupt)
                  0x0001de          0x4 LONG 0xd936 DEFINED (__AltInterrupt101)?<code 339> (__AltInterrupt101):DEFINED (__Interrupt101)?<code 339> (__Interrupt101):<code 339> (__DefaultInterrupt)
                  0x0001e0          0x4 LONG 0xd936 DEFINED (__AltInterrupt102)?<code 339> (__AltInterrupt102):DEFINED (__Interrupt102)?<code 339> (__Interrupt102):<code 339> (__DefaultInterrupt)
                  0x0001e2          0x4 LONG 0xd936 DEFINED (__AltInterrupt103)?<code 339> (__AltInterrupt103):DEFINED (__Interrupt103)?<code 339> (__Interrupt103):<code 339> (__DefaultInterrupt)
                  0x0001e4          0x4 LONG 0xd936 DEFINED (__AltInterrupt104)?<code 339> (__AltInterrupt104):DEFINED (__Interrupt104)?<code 339> (__Interrupt104):<code 339> (__DefaultInterrupt)
                  0x0001e6          0x4 LONG 0xd936 DEFINED (__AltInterrupt105)?<code 339> (__AltInterrupt105):DEFINED (__Interrupt105)?<code 339> (__Interrupt105):<code 339> (__DefaultInterrupt)
                  0x0001e8          0x4 LONG 0xd936 DEFINED (__AltInterrupt106)?<code 339> (__AltInterrupt106):DEFINED (__Interrupt106)?<code 339> (__Interrupt106):<code 339> (__DefaultInterrupt)
                  0x0001ea          0x4 LONG 0xd936 DEFINED (__AltInterrupt107)?<code 339> (__AltInterrupt107):DEFINED (__Interrupt107)?<code 339> (__Interrupt107):<code 339> (__DefaultInterrupt)
                  0x0001ec          0x4 LONG 0xd936 DEFINED (__AltInterrupt108)?<code 339> (__AltInterrupt108):DEFINED (__Interrupt108)?<code 339> (__Interrupt108):<code 339> (__DefaultInterrupt)
                  0x0001ee          0x4 LONG 0xd936 DEFINED (__AltInterrupt109)?<code 339> (__AltInterrupt109):DEFINED (__Interrupt109)?<code 339> (__Interrupt109):<code 339> (__DefaultInterrupt)
                  0x0001f0          0x4 LONG 0xd936 DEFINED (__AltInterrupt110)?<code 339> (__AltInterrupt110):DEFINED (__Interrupt110)?<code 339> (__Interrupt110):<code 339> (__DefaultInterrupt)
                  0x0001f2          0x4 LONG 0xd936 DEFINED (__AltInterrupt111)?<code 339> (__AltInterrupt111):DEFINED (__Interrupt111)?<code 339> (__Interrupt111):<code 339> (__DefaultInterrupt)
                  0x0001f4          0x4 LONG 0xd936 DEFINED (__AltInterrupt112)?<code 339> (__AltInterrupt112):DEFINED (__Interrupt112)?<code 339> (__Interrupt112):<code 339> (__DefaultInterrupt)
                  0x0001f6          0x4 LONG 0xd936 DEFINED (__AltInterrupt113)?<code 339> (__AltInterrupt113):DEFINED (__Interrupt113)?<code 339> (__Interrupt113):<code 339> (__DefaultInterrupt)
                  0x0001f8          0x4 LONG 0xd936 DEFINED (__AltInterrupt114)?<code 339> (__AltInterrupt114):DEFINED (__Interrupt114)?<code 339> (__Interrupt114):<code 339> (__DefaultInterrupt)
                  0x0001fa          0x4 LONG 0xd936 DEFINED (__AltInterrupt115)?<code 339> (__AltInterrupt115):DEFINED (__Interrupt115)?<code 339> (__Interrupt115):<code 339> (__DefaultInterrupt)
                  0x0001fc          0x4 LONG 0xd936 DEFINED (__AltInterrupt116)?<code 339> (__AltInterrupt116):DEFINED (__Interrupt116)?<code 339> (__Interrupt116):<code 339> (__DefaultInterrupt)
                  0x0001fe          0x4 LONG 0xd936 DEFINED (__AltInterrupt117)?<code 339> (__AltInterrupt117):DEFINED (__Interrupt117)?<code 339> (__Interrupt117):<code 339> (__DefaultInterrupt)
                    0x0000                  WREG0 = 0x0
                    0x0000                  _WREG0 = 0x0
                    0x0002                  WREG1 = 0x2
                    0x0002                  _WREG1 = 0x2
                    0x0004                  WREG2 = 0x4
                    0x0004                  _WREG2 = 0x4
                    0x0006                  WREG3 = 0x6
                    0x0006                  _WREG3 = 0x6
                    0x0008                  WREG4 = 0x8
                    0x0008                  _WREG4 = 0x8
                    0x000a                  WREG5 = 0xa
                    0x000a                  _WREG5 = 0xa
                    0x000c                  WREG6 = 0xc
                    0x000c                  _WREG6 = 0xc
                    0x000e                  WREG7 = 0xe
                    0x000e                  _WREG7 = 0xe
                    0x0010                  WREG8 = 0x10
                    0x0010                  _WREG8 = 0x10
                    0x0012                  WREG9 = 0x12
                    0x0012                  _WREG9 = 0x12
                    0x0014                  WREG10 = 0x14
                    0x0014                  _WREG10 = 0x14
                    0x0016                  WREG11 = 0x16
                    0x0016                  _WREG11 = 0x16
                    0x0018                  WREG12 = 0x18
                    0x0018                  _WREG12 = 0x18
                    0x001a                  WREG13 = 0x1a
                    0x001a                  _WREG13 = 0x1a
                    0x001c                  WREG14 = 0x1c
                    0x001c                  _WREG14 = 0x1c
                    0x001e                  WREG15 = 0x1e
                    0x001e                  _WREG15 = 0x1e
                    0x0020                  SPLIM = 0x20
                    0x0020                  _SPLIM = 0x20
                    0x0022                  ACCAL = 0x22
                    0x0022                  _ACCAL = 0x22
                    0x0024                  ACCAH = 0x24
                    0x0024                  _ACCAH = 0x24
                    0x0026                  ACCAU = 0x26
                    0x0026                  _ACCAU = 0x26
                    0x0028                  ACCBL = 0x28
                    0x0028                  _ACCBL = 0x28
                    0x002a                  ACCBH = 0x2a
                    0x002a                  _ACCBH = 0x2a
                    0x002c                  ACCBU = 0x2c
                    0x002c                  _ACCBU = 0x2c
                    0x002e                  PCL = 0x2e
                    0x002e                  _PCL = 0x2e
                    0x0030                  PCH = 0x30
                    0x0030                  _PCH = 0x30
                    0x0032                  TBLPAG = 0x32
                    0x0032                  _TBLPAG = 0x32
                    0x0034                  PSVPAG = 0x34
                    0x0034                  _PSVPAG = 0x34
                    0x0036                  RCOUNT = 0x36
                    0x0036                  _RCOUNT = 0x36
                    0x0038                  DCOUNT = 0x38
                    0x0038                  _DCOUNT = 0x38
                    0x003a                  DOSTARTL = 0x3a
                    0x003a                  _DOSTARTL = 0x3a
                    0x003c                  DOSTARTH = 0x3c
                    0x003c                  _DOSTARTH = 0x3c
                    0x003e                  DOENDL = 0x3e
                    0x003e                  _DOENDL = 0x3e
                    0x0040                  DOENDH = 0x40
                    0x0040                  _DOENDH = 0x40
                    0x0042                  SR = 0x42
                    0x0042                  _SR = 0x42
                    0x0042                  _SRbits = 0x42
                    0x0044                  CORCON = 0x44
                    0x0044                  _CORCON = 0x44
                    0x0044                  _CORCONbits = 0x44
                    0x0046                  MODCON = 0x46
                    0x0046                  _MODCON = 0x46
                    0x0046                  _MODCONbits = 0x46
                    0x0048                  XMODSRT = 0x48
                    0x0048                  _XMODSRT = 0x48
                    0x004a                  XMODEND = 0x4a
                    0x004a                  _XMODEND = 0x4a
                    0x004c                  YMODSRT = 0x4c
                    0x004c                  _YMODSRT = 0x4c
                    0x004e                  YMODEND = 0x4e
                    0x004e                  _YMODEND = 0x4e
                    0x0050                  XBREV = 0x50
                    0x0050                  _XBREV = 0x50
                    0x0050                  _XBREVbits = 0x50
                    0x0052                  DISICNT = 0x52
                    0x0052                  _DISICNT = 0x52
                    0x0060                  CNEN1 = 0x60
                    0x0060                  _CNEN1 = 0x60
                    0x0060                  _CNEN1bits = 0x60
                    0x0062                  CNEN2 = 0x62
                    0x0062                  _CNEN2 = 0x62
                    0x0062                  _CNEN2bits = 0x62
                    0x0068                  CNPU1 = 0x68
                    0x0068                  _CNPU1 = 0x68
                    0x0068                  _CNPU1bits = 0x68
                    0x006a                  CNPU2 = 0x6a
                    0x006a                  _CNPU2 = 0x6a
                    0x006a                  _CNPU2bits = 0x6a
                    0x0080                  INTCON1 = 0x80
                    0x0080                  _INTCON1 = 0x80
                    0x0080                  _INTCON1bits = 0x80
                    0x0082                  INTCON2 = 0x82
                    0x0082                  _INTCON2 = 0x82
                    0x0082                  _INTCON2bits = 0x82
                    0x0084                  IFS0 = 0x84
                    0x0084                  _IFS0 = 0x84
                    0x0084                  _IFS0bits = 0x84
                    0x0086                  IFS1 = 0x86
                    0x0086                  _IFS1 = 0x86
                    0x0086                  _IFS1bits = 0x86
                    0x0088                  IFS2 = 0x88
                    0x0088                  _IFS2 = 0x88
                    0x0088                  _IFS2bits = 0x88
                    0x008a                  IFS3 = 0x8a
                    0x008a                  _IFS3 = 0x8a
                    0x008a                  _IFS3bits = 0x8a
                    0x008c                  IFS4 = 0x8c
                    0x008c                  _IFS4 = 0x8c
                    0x008c                  _IFS4bits = 0x8c
                    0x0094                  IEC0 = 0x94
                    0x0094                  _IEC0 = 0x94
                    0x0094                  _IEC0bits = 0x94
                    0x0096                  IEC1 = 0x96
                    0x0096                  _IEC1 = 0x96
                    0x0096                  _IEC1bits = 0x96
                    0x0098                  IEC2 = 0x98
                    0x0098                  _IEC2 = 0x98
                    0x0098                  _IEC2bits = 0x98
                    0x009a                  IEC3 = 0x9a
                    0x009a                  _IEC3 = 0x9a
                    0x009a                  _IEC3bits = 0x9a
                    0x009c                  IEC4 = 0x9c
                    0x009c                  _IEC4 = 0x9c
                    0x009c                  _IEC4bits = 0x9c
                    0x00a4                  IPC0 = 0xa4
                    0x00a4                  _IPC0 = 0xa4
                    0x00a4                  _IPC0bits = 0xa4
                    0x00a6                  IPC1 = 0xa6
                    0x00a6                  _IPC1 = 0xa6
                    0x00a6                  _IPC1bits = 0xa6
                    0x00a8                  IPC2 = 0xa8
                    0x00a8                  _IPC2 = 0xa8
                    0x00a8                  _IPC2bits = 0xa8
                    0x00aa                  IPC3 = 0xaa
                    0x00aa                  _IPC3 = 0xaa
                    0x00aa                  _IPC3bits = 0xaa
                    0x00ac                  IPC4 = 0xac
                    0x00ac                  _IPC4 = 0xac
                    0x00ac                  _IPC4bits = 0xac
                    0x00ae                  IPC5 = 0xae
                    0x00ae                  _IPC5 = 0xae
                    0x00ae                  _IPC5bits = 0xae
                    0x00b0                  IPC6 = 0xb0
                    0x00b0                  _IPC6 = 0xb0
                    0x00b0                  _IPC6bits = 0xb0
                    0x00b2                  IPC7 = 0xb2
                    0x00b2                  _IPC7 = 0xb2
                    0x00b2                  _IPC7bits = 0xb2
                    0x00b4                  IPC8 = 0xb4
                    0x00b4                  _IPC8 = 0xb4
                    0x00b4                  _IPC8bits = 0xb4
                    0x00b6                  IPC9 = 0xb6
                    0x00b6                  _IPC9 = 0xb6
                    0x00b6                  _IPC9bits = 0xb6
                    0x00b8                  IPC10 = 0xb8
                    0x00b8                  _IPC10 = 0xb8
                    0x00b8                  _IPC10bits = 0xb8
                    0x00ba                  IPC11 = 0xba
                    0x00ba                  _IPC11 = 0xba
                    0x00ba                  _IPC11bits = 0xba
                    0x00bc                  IPC12 = 0xbc
                    0x00bc                  _IPC12 = 0xbc
                    0x00bc                  _IPC12bits = 0xbc
                    0x00be                  IPC13 = 0xbe
                    0x00be                  _IPC13 = 0xbe
                    0x00be                  _IPC13bits = 0xbe
                    0x00c0                  IPC14 = 0xc0
                    0x00c0                  _IPC14 = 0xc0
                    0x00c0                  _IPC14bits = 0xc0
                    0x00c2                  IPC15 = 0xc2
                    0x00c2                  _IPC15 = 0xc2
                    0x00c2                  _IPC15bits = 0xc2
                    0x00c4                  IPC16 = 0xc4
                    0x00c4                  _IPC16 = 0xc4
                    0x00c4                  _IPC16bits = 0xc4
                    0x00c6                  IPC17 = 0xc6
                    0x00c6                  _IPC17 = 0xc6
                    0x00c6                  _IPC17bits = 0xc6
                    0x00e0                  INTTREG = 0xe0
                    0x00e0                  _INTTREG = 0xe0
                    0x00e0                  _INTTREGbits = 0xe0
                    0x0100                  TMR1 = 0x100
                    0x0100                  _TMR1 = 0x100
                    0x0102                  PR1 = 0x102
                    0x0102                  _PR1 = 0x102
                    0x0104                  T1CON = 0x104
                    0x0104                  _T1CON = 0x104
                    0x0104                  _T1CONbits = 0x104
                    0x0106                  TMR2 = 0x106
                    0x0106                  _TMR2 = 0x106
                    0x0108                  TMR3HLD = 0x108
                    0x0108                  _TMR3HLD = 0x108
                    0x010a                  TMR3 = 0x10a
                    0x010a                  _TMR3 = 0x10a
                    0x010c                  PR2 = 0x10c
                    0x010c                  _PR2 = 0x10c
                    0x010e                  PR3 = 0x10e
                    0x010e                  _PR3 = 0x10e
                    0x0110                  T2CON = 0x110
                    0x0110                  _T2CON = 0x110
                    0x0110                  _T2CONbits = 0x110
                    0x0112                  T3CON = 0x112
                    0x0112                  _T3CON = 0x112
                    0x0112                  _T3CONbits = 0x112
                    0x0114                  TMR4 = 0x114
                    0x0114                  _TMR4 = 0x114
                    0x0116                  TMR5HLD = 0x116
                    0x0116                  _TMR5HLD = 0x116
                    0x0118                  TMR5 = 0x118
                    0x0118                  _TMR5 = 0x118
                    0x011a                  PR4 = 0x11a
                    0x011a                  _PR4 = 0x11a
                    0x011c                  PR5 = 0x11c
                    0x011c                  _PR5 = 0x11c
                    0x011e                  T4CON = 0x11e
                    0x011e                  _T4CON = 0x11e
                    0x011e                  _T4CONbits = 0x11e
                    0x0120                  T5CON = 0x120
                    0x0120                  _T5CON = 0x120
                    0x0120                  _T5CONbits = 0x120
                    0x0122                  TMR6 = 0x122
                    0x0122                  _TMR6 = 0x122
                    0x0124                  TMR7HLD = 0x124
                    0x0124                  _TMR7HLD = 0x124
                    0x0126                  TMR7 = 0x126
                    0x0126                  _TMR7 = 0x126
                    0x0128                  PR6 = 0x128
                    0x0128                  _PR6 = 0x128
                    0x012a                  PR7 = 0x12a
                    0x012a                  _PR7 = 0x12a
                    0x012c                  T6CON = 0x12c
                    0x012c                  _T6CON = 0x12c
                    0x012c                  _T6CONbits = 0x12c
                    0x012e                  T7CON = 0x12e
                    0x012e                  _T7CON = 0x12e
                    0x012e                  _T7CONbits = 0x12e
                    0x0130                  TMR8 = 0x130
                    0x0130                  _TMR8 = 0x130
                    0x0132                  TMR9HLD = 0x132
                    0x0132                  _TMR9HLD = 0x132
                    0x0134                  TMR9 = 0x134
                    0x0134                  _TMR9 = 0x134
                    0x0136                  PR8 = 0x136
                    0x0136                  _PR8 = 0x136
                    0x0138                  PR9 = 0x138
                    0x0138                  _PR9 = 0x138
                    0x013a                  T8CON = 0x13a
                    0x013a                  _T8CON = 0x13a
                    0x013a                  _T8CONbits = 0x13a
                    0x013c                  T9CON = 0x13c
                    0x013c                  _T9CON = 0x13c
                    0x013c                  _T9CONbits = 0x13c
                    0x0140                  IC1BUF = 0x140
                    0x0140                  _IC1BUF = 0x140
                    0x0142                  IC1CON = 0x142
                    0x0142                  _IC1CON = 0x142
                    0x0142                  _IC1CONbits = 0x142
                    0x0144                  IC2BUF = 0x144
                    0x0144                  _IC2BUF = 0x144
                    0x0146                  IC2CON = 0x146
                    0x0146                  _IC2CON = 0x146
                    0x0146                  _IC2CONbits = 0x146
                    0x0148                  IC3BUF = 0x148
                    0x0148                  _IC3BUF = 0x148
                    0x014a                  IC3CON = 0x14a
                    0x014a                  _IC3CON = 0x14a
                    0x014a                  _IC3CONbits = 0x14a
                    0x014c                  IC4BUF = 0x14c
                    0x014c                  _IC4BUF = 0x14c
                    0x014e                  IC4CON = 0x14e
                    0x014e                  _IC4CON = 0x14e
                    0x014e                  _IC4CONbits = 0x14e
                    0x0150                  IC5BUF = 0x150
                    0x0150                  _IC5BUF = 0x150
                    0x0152                  IC5CON = 0x152
                    0x0152                  _IC5CON = 0x152
                    0x0152                  _IC5CONbits = 0x152
                    0x0154                  IC6BUF = 0x154
                    0x0154                  _IC6BUF = 0x154
                    0x0156                  IC6CON = 0x156
                    0x0156                  _IC6CON = 0x156
                    0x0156                  _IC6CONbits = 0x156
                    0x0158                  IC7BUF = 0x158
                    0x0158                  _IC7BUF = 0x158
                    0x015a                  IC7CON = 0x15a
                    0x015a                  _IC7CON = 0x15a
                    0x015a                  _IC7CONbits = 0x15a
                    0x015c                  IC8BUF = 0x15c
                    0x015c                  _IC8BUF = 0x15c
                    0x015e                  IC8CON = 0x15e
                    0x015e                  _IC8CON = 0x15e
                    0x015e                  _IC8CONbits = 0x15e
                    0x0180                  OC1RS = 0x180
                    0x0180                  _OC1RS = 0x180
                    0x0182                  OC1R = 0x182
                    0x0182                  _OC1R = 0x182
                    0x0184                  OC1CON = 0x184
                    0x0184                  _OC1CON = 0x184
                    0x0184                  _OC1CONbits = 0x184
                    0x0186                  OC2RS = 0x186
                    0x0186                  _OC2RS = 0x186
                    0x0188                  OC2R = 0x188
                    0x0188                  _OC2R = 0x188
                    0x018a                  OC2CON = 0x18a
                    0x018a                  _OC2CON = 0x18a
                    0x018a                  _OC2CONbits = 0x18a
                    0x018c                  OC3RS = 0x18c
                    0x018c                  _OC3RS = 0x18c
                    0x018e                  OC3R = 0x18e
                    0x018e                  _OC3R = 0x18e
                    0x0190                  OC3CON = 0x190
                    0x0190                  _OC3CON = 0x190
                    0x0190                  _OC3CONbits = 0x190
                    0x0192                  OC4RS = 0x192
                    0x0192                  _OC4RS = 0x192
                    0x0194                  OC4R = 0x194
                    0x0194                  _OC4R = 0x194
                    0x0196                  OC4CON = 0x196
                    0x0196                  _OC4CON = 0x196
                    0x0196                  _OC4CONbits = 0x196
                    0x0198                  OC5RS = 0x198
                    0x0198                  _OC5RS = 0x198
                    0x019a                  OC5R = 0x19a
                    0x019a                  _OC5R = 0x19a
                    0x019c                  OC5CON = 0x19c
                    0x019c                  _OC5CON = 0x19c
                    0x019c                  _OC5CONbits = 0x19c
                    0x019e                  OC6RS = 0x19e
                    0x019e                  _OC6RS = 0x19e
                    0x01a0                  OC6R = 0x1a0
                    0x01a0                  _OC6R = 0x1a0
                    0x01a2                  OC6CON = 0x1a2
                    0x01a2                  _OC6CON = 0x1a2
                    0x01a2                  _OC6CONbits = 0x1a2
                    0x01a4                  OC7RS = 0x1a4
                    0x01a4                  _OC7RS = 0x1a4
                    0x01a6                  OC7R = 0x1a6
                    0x01a6                  _OC7R = 0x1a6
                    0x01a8                  OC7CON = 0x1a8
                    0x01a8                  _OC7CON = 0x1a8
                    0x01a8                  _OC7CONbits = 0x1a8
                    0x01aa                  OC8RS = 0x1aa
                    0x01aa                  _OC8RS = 0x1aa
                    0x01ac                  OC8R = 0x1ac
                    0x01ac                  _OC8R = 0x1ac
                    0x01ae                  OC8CON = 0x1ae
                    0x01ae                  _OC8CON = 0x1ae
                    0x01ae                  _OC8CONbits = 0x1ae
                    0x0200                  I2C1RCV = 0x200
                    0x0200                  _I2C1RCV = 0x200
                    0x0200                  I2CRCV = 0x200
                    0x0200                  _I2CRCV = 0x200
                    0x0202                  I2C1TRN = 0x202
                    0x0202                  _I2C1TRN = 0x202
                    0x0202                  I2CTRN = 0x202
                    0x0202                  _I2CTRN = 0x202
                    0x0204                  I2C1BRG = 0x204
                    0x0204                  _I2C1BRG = 0x204
                    0x0206                  I2C1CON = 0x206
                    0x0206                  _I2C1CON = 0x206
                    0x0206                  _I2C1CONbits = 0x206
                    0x0206                  I2CCON = 0x206
                    0x0206                  _I2CCON = 0x206
                    0x0208                  I2C1STAT = 0x208
                    0x0208                  _I2C1STAT = 0x208
                    0x0208                  _I2C1STATbits = 0x208
                    0x0208                  I2CSTAT = 0x208
                    0x0208                  _I2CSTAT = 0x208
                    0x020a                  I2C1ADD = 0x20a
                    0x020a                  _I2C1ADD = 0x20a
                    0x020a                  I2CADD = 0x20a
                    0x020a                  _I2CADD = 0x20a
                    0x020c                  I2C1MSK = 0x20c
                    0x020c                  _I2C1MSK = 0x20c
                    0x0210                  I2C2RCV = 0x210
                    0x0210                  _I2C2RCV = 0x210
                    0x0212                  I2C2TRN = 0x212
                    0x0212                  _I2C2TRN = 0x212
                    0x0214                  I2C2BRG = 0x214
                    0x0214                  _I2C2BRG = 0x214
                    0x0216                  I2C2CON = 0x216
                    0x0216                  _I2C2CON = 0x216
                    0x0216                  _I2C2CONbits = 0x216
                    0x0218                  I2C2STAT = 0x218
                    0x0218                  _I2C2STAT = 0x218
                    0x0218                  _I2C2STATbits = 0x218
                    0x021a                  I2C2ADD = 0x21a
                    0x021a                  _I2C2ADD = 0x21a
                    0x021c                  I2C2MSK = 0x21c
                    0x021c                  _I2C2MSK = 0x21c
                    0x0220                  U1MODE = 0x220
                    0x0220                  _U1MODE = 0x220
                    0x0220                  _U1MODEbits = 0x220
                    0x0222                  U1STA = 0x222
                    0x0222                  _U1STA = 0x222
                    0x0222                  _U1STAbits = 0x222
                    0x0224                  U1TXREG = 0x224
                    0x0224                  _U1TXREG = 0x224
                    0x0224                  _U1TXREGbits = 0x224
                    0x0226                  U1RXREG = 0x226
                    0x0226                  _U1RXREG = 0x226
                    0x0226                  _U1RXREGbits = 0x226
                    0x0228                  U1BRG = 0x228
                    0x0228                  _U1BRG = 0x228
                    0x0230                  U2MODE = 0x230
                    0x0230                  _U2MODE = 0x230
                    0x0230                  _U2MODEbits = 0x230
                    0x0232                  U2STA = 0x232
                    0x0232                  _U2STA = 0x232
                    0x0232                  _U2STAbits = 0x232
                    0x0234                  U2TXREG = 0x234
                    0x0234                  _U2TXREG = 0x234
                    0x0234                  _U2TXREGbits = 0x234
                    0x0236                  U2RXREG = 0x236
                    0x0236                  _U2RXREG = 0x236
                    0x0236                  _U2RXREGbits = 0x236
                    0x0238                  U2BRG = 0x238
                    0x0238                  _U2BRG = 0x238
                    0x0240                  SPI1STAT = 0x240
                    0x0240                  _SPI1STAT = 0x240
                    0x0240                  _SPI1STATbits = 0x240
                    0x0242                  SPI1CON1 = 0x242
                    0x0242                  _SPI1CON1 = 0x242
                    0x0242                  _SPI1CON1bits = 0x242
                    0x0244                  SPI1CON2 = 0x244
                    0x0244                  _SPI1CON2 = 0x244
                    0x0244                  _SPI1CON2bits = 0x244
                    0x0248                  SPI1BUF = 0x248
                    0x0248                  _SPI1BUF = 0x248
                    0x0260                  SPI2STAT = 0x260
                    0x0260                  _SPI2STAT = 0x260
                    0x0260                  _SPI2STATbits = 0x260
                    0x0262                  SPI2CON1 = 0x262
                    0x0262                  _SPI2CON1 = 0x262
                    0x0262                  _SPI2CON1bits = 0x262
                    0x0264                  SPI2CON2 = 0x264
                    0x0264                  _SPI2CON2 = 0x264
                    0x0264                  _SPI2CON2bits = 0x264
                    0x0268                  SPI2BUF = 0x268
                    0x0268                  _SPI2BUF = 0x268
                    0x0280                  DCICON1 = 0x280
                    0x0280                  _DCICON1 = 0x280
                    0x0280                  _DCICON1bits = 0x280
                    0x0282                  DCICON2 = 0x282
                    0x0282                  _DCICON2 = 0x282
                    0x0282                  _DCICON2bits = 0x282
                    0x0284                  DCICON3 = 0x284
                    0x0284                  _DCICON3 = 0x284
                    0x0284                  _DCICON3bits = 0x284
                    0x0286                  DCISTAT = 0x286
                    0x0286                  _DCISTAT = 0x286
                    0x0286                  _DCISTATbits = 0x286
                    0x0288                  TSCON = 0x288
                    0x0288                  _TSCON = 0x288
                    0x0288                  _TSCONbits = 0x288
                    0x028c                  RSCON = 0x28c
                    0x028c                  _RSCON = 0x28c
                    0x028c                  _RSCONbits = 0x28c
                    0x0290                  RXBUF0 = 0x290
                    0x0290                  _RXBUF0 = 0x290
                    0x0292                  RXBUF1 = 0x292
                    0x0292                  _RXBUF1 = 0x292
                    0x0294                  RXBUF2 = 0x294
                    0x0294                  _RXBUF2 = 0x294
                    0x0296                  RXBUF3 = 0x296
                    0x0296                  _RXBUF3 = 0x296
                    0x0298                  TXBUF0 = 0x298
                    0x0298                  _TXBUF0 = 0x298
                    0x029a                  TXBUF1 = 0x29a
                    0x029a                  _TXBUF1 = 0x29a
                    0x029c                  TXBUF2 = 0x29c
                    0x029c                  _TXBUF2 = 0x29c
                    0x029e                  TXBUF3 = 0x29e
                    0x029e                  _TXBUF3 = 0x29e
                    0x02c0                  TRISA = 0x2c0
                    0x02c0                  _TRISA = 0x2c0
                    0x02c0                  _TRISAbits = 0x2c0